Archive member included because of file (symbol)

c:/freescale/kds_v3/toolchain/bin/../lib/gcc/arm-none-eabi/4.8.4/../../../../arm-none-eabi/lib/armv7e-m/fpu\libm.a(lib_a-s_fpclassify.o)
                              ./Sources/main.o (__fpclassifyd)
c:/freescale/kds_v3/toolchain/bin/../lib/gcc/arm-none-eabi/4.8.4/armv7e-m/fpu\libgcc.a(_arm_addsubdf3.o)
                              ./Sources/main.o (__aeabi_dadd)
c:/freescale/kds_v3/toolchain/bin/../lib/gcc/arm-none-eabi/4.8.4/armv7e-m/fpu\libgcc.a(_arm_muldivdf3.o)
                              ./Sources/main.o (__aeabi_dmul)
c:/freescale/kds_v3/toolchain/bin/../lib/gcc/arm-none-eabi/4.8.4/../../../../arm-none-eabi/lib/armv7e-m/fpu\libg.a(lib_a-atof.o)
                              ./Sources/main.o (atof)
c:/freescale/kds_v3/toolchain/bin/../lib/gcc/arm-none-eabi/4.8.4/../../../../arm-none-eabi/lib/armv7e-m/fpu\libg.a(lib_a-exit.o)
                              c:/freescale/kds_v3/toolchain/bin/../lib/gcc/arm-none-eabi/4.8.4/../../../../arm-none-eabi/lib/armv7e-m/fpu/rdimon-crt0.o (exit)
c:/freescale/kds_v3/toolchain/bin/../lib/gcc/arm-none-eabi/4.8.4/../../../../arm-none-eabi/lib/armv7e-m/fpu\libg.a(lib_a-fflush.o)
                              ./Sources/main.o (fflush)
c:/freescale/kds_v3/toolchain/bin/../lib/gcc/arm-none-eabi/4.8.4/../../../../arm-none-eabi/lib/armv7e-m/fpu\libg.a(lib_a-findfp.o)
                              c:/freescale/kds_v3/toolchain/bin/../lib/gcc/arm-none-eabi/4.8.4/../../../../arm-none-eabi/lib/armv7e-m/fpu\libg.a(lib_a-fflush.o) (__sinit)
c:/freescale/kds_v3/toolchain/bin/../lib/gcc/arm-none-eabi/4.8.4/../../../../arm-none-eabi/lib/armv7e-m/fpu\libg.a(lib_a-fprintf.o)
                              ./Sources/main.o (fprintf)
c:/freescale/kds_v3/toolchain/bin/../lib/gcc/arm-none-eabi/4.8.4/../../../../arm-none-eabi/lib/armv7e-m/fpu\libg.a(lib_a-freer.o)
                              c:/freescale/kds_v3/toolchain/bin/../lib/gcc/arm-none-eabi/4.8.4/../../../../arm-none-eabi/lib/armv7e-m/fpu\libg.a(lib_a-fflush.o) (_free_r)
c:/freescale/kds_v3/toolchain/bin/../lib/gcc/arm-none-eabi/4.8.4/../../../../arm-none-eabi/lib/armv7e-m/fpu\libg.a(lib_a-fwalk.o)
                              c:/freescale/kds_v3/toolchain/bin/../lib/gcc/arm-none-eabi/4.8.4/../../../../arm-none-eabi/lib/armv7e-m/fpu\libg.a(lib_a-findfp.o) (_fwalk)
c:/freescale/kds_v3/toolchain/bin/../lib/gcc/arm-none-eabi/4.8.4/../../../../arm-none-eabi/lib/armv7e-m/fpu\libg.a(lib_a-fwrite.o)
                              ./Sources/main.o (fwrite)
c:/freescale/kds_v3/toolchain/bin/../lib/gcc/arm-none-eabi/4.8.4/../../../../arm-none-eabi/lib/armv7e-m/fpu\libg.a(lib_a-impure.o)
                              c:/freescale/kds_v3/toolchain/bin/../lib/gcc/arm-none-eabi/4.8.4/../../../../arm-none-eabi/lib/armv7e-m/fpu\libg.a(lib_a-exit.o) (_global_impure_ptr)
c:/freescale/kds_v3/toolchain/bin/../lib/gcc/arm-none-eabi/4.8.4/../../../../arm-none-eabi/lib/armv7e-m/fpu\libg.a(lib_a-init.o)
                              c:/freescale/kds_v3/toolchain/bin/../lib/gcc/arm-none-eabi/4.8.4/../../../../arm-none-eabi/lib/armv7e-m/fpu/rdimon-crt0.o (__libc_init_array)
c:/freescale/kds_v3/toolchain/bin/../lib/gcc/arm-none-eabi/4.8.4/../../../../arm-none-eabi/lib/armv7e-m/fpu\libg.a(lib_a-mallocr.o)
                              c:/freescale/kds_v3/toolchain/bin/../lib/gcc/arm-none-eabi/4.8.4/../../../../arm-none-eabi/lib/armv7e-m/fpu\libg.a(lib_a-findfp.o) (_malloc_r)
c:/freescale/kds_v3/toolchain/bin/../lib/gcc/arm-none-eabi/4.8.4/../../../../arm-none-eabi/lib/armv7e-m/fpu\libg.a(lib_a-memcpy.o)
                              ./Generated_Code/queue.o (memcpy)
c:/freescale/kds_v3/toolchain/bin/../lib/gcc/arm-none-eabi/4.8.4/../../../../arm-none-eabi/lib/armv7e-m/fpu\libg.a(lib_a-memset.o)
                              c:/freescale/kds_v3/toolchain/bin/../lib/gcc/arm-none-eabi/4.8.4/../../../../arm-none-eabi/lib/armv7e-m/fpu/rdimon-crt0.o (memset)
c:/freescale/kds_v3/toolchain/bin/../lib/gcc/arm-none-eabi/4.8.4/../../../../arm-none-eabi/lib/armv7e-m/fpu\libg.a(lib_a-mlock.o)
                              c:/freescale/kds_v3/toolchain/bin/../lib/gcc/arm-none-eabi/4.8.4/../../../../arm-none-eabi/lib/armv7e-m/fpu\libg.a(lib_a-freer.o) (__malloc_lock)
c:/freescale/kds_v3/toolchain/bin/../lib/gcc/arm-none-eabi/4.8.4/../../../../arm-none-eabi/lib/armv7e-m/fpu\libg.a(lib_a-printf.o)
                              ./Sources/main.o (printf)
c:/freescale/kds_v3/toolchain/bin/../lib/gcc/arm-none-eabi/4.8.4/../../../../arm-none-eabi/lib/armv7e-m/fpu\libg.a(lib_a-puts.o)
                              ./Sources/main.o (puts)
c:/freescale/kds_v3/toolchain/bin/../lib/gcc/arm-none-eabi/4.8.4/../../../../arm-none-eabi/lib/armv7e-m/fpu\libg.a(lib_a-rand.o)
                              ./Generated_Code/UTIL1.o (srand)
c:/freescale/kds_v3/toolchain/bin/../lib/gcc/arm-none-eabi/4.8.4/../../../../arm-none-eabi/lib/armv7e-m/fpu\libg.a(lib_a-sbrkr.o)
[...]
Memory Configuration

Name             Origin             Length             Attributes
m_interrupts     0x00000000         0x00000198         xr
m_text           0x00000410         0x000ffbf0         xr
m_data_1FFF0000  0x1fff0000         0x00010000         rw
m_data           0x20000000         0x00030000         rw
m_cfmprotrom     0x00000400         0x00000010         xr
*default*        0x00000000         0xffffffff

Linker script and memory map

LOAD c:/freescale/kds_v3/toolchain/bin/../lib/gcc/arm-none-eabi/4.8.4/armv7e-m/fpu/crti.o
LOAD c:/freescale/kds_v3/toolchain/bin/../lib/gcc/arm-none-eabi/4.8.4/armv7e-m/fpu/crtbegin.o
LOAD c:/freescale/kds_v3/toolchain/bin/../lib/gcc/arm-none-eabi/4.8.4/../../../../arm-none-eabi/lib/armv7e-m/fpu/rdimon-crt0.o
LOAD ./Static_Code/System/CPU_Init.o
LOAD ./Static_Code/System/Peripherals_Init.o
LOAD ./Static_Code/System/Vectors.o
LOAD ./Sources/Events.o
LOAD ./Sources/main.o
LOAD ./Project_Settings/Startup_Code/startup.o
LOAD ./Generated_Code/AS1.o
LOAD ./Generated_Code/ASerialLdd1.o
LOAD ./Generated_Code/ASerialLdd2.o
LOAD ./Generated_Code/Bit2.o
LOAD ./Generated_Code/BitIoLdd1.o
LOAD ./Generated_Code/BitIoLdd2.o
LOAD ./Generated_Code/BitIoLdd3.o
LOAD ./Generated_Code/BitIoLdd4.o
LOAD ./Generated_Code/BitIoLdd5.o
LOAD ./Generated_Code/Bits1.o
LOAD ./Generated_Code/BitsIoLdd1.o
LOAD ./Generated_Code/CD1.o
LOAD ./Generated_Code/CI2C1.o
LOAD ./Generated_Code/CS1.o
LOAD ./Generated_Code/Cpu.o
LOAD ./Generated_Code/ExtIntLdd1.o
LOAD ./Generated_Code/FAT1.o
LOAD ./Generated_Code/FRTOS1.o
LOAD ./Generated_Code/FX1.o
LOAD ./Generated_Code/GI2C1.o
LOAD ./Generated_Code/GPS.o
LOAD ./Generated_Code/HF1.o
LOAD ./Generated_Code/KSDK1.o
LOAD ./Generated_Code/LEDG.o
LOAD ./Generated_Code/LEDR.o
LOAD ./Generated_Code/LEDpin1.o
LOAD ./Generated_Code/LEDpin2.o
LOAD ./Generated_Code/MCUC1.o
LOAD ./Generated_Code/PE_LDD.o
LOAD ./Generated_Code/PPS.o
LOAD ./Generated_Code/SD1.o
LOAD ./Generated_Code/SM1.o
LOAD ./Generated_Code/SS1.o
LOAD ./Generated_Code/TI1.o
LOAD ./Generated_Code/TMOUT1.o
LOAD ./Generated_Code/TU1.o
LOAD ./Generated_Code/TimerIntLdd1.o
LOAD ./Generated_Code/TmDt1.o
LOAD ./Generated_Code/UTIL1.o
LOAD ./Generated_Code/UTIL2.o
LOAD ./Generated_Code/WAIT1.o
LOAD ./Generated_Code/croutine.o
LOAD ./Generated_Code/event_groups.o
LOAD ./Generated_Code/ff.o
LOAD ./Generated_Code/heap_1.o
LOAD ./Generated_Code/heap_2.o
LOAD ./Generated_Code/heap_3.o
LOAD ./Generated_Code/heap_4.o
LOAD ./Generated_Code/heap_5.o
LOAD ./Generated_Code/heap_useNewlib.o
LOAD ./Generated_Code/ledRojo.o
LOAD ./Generated_Code/ledVerde.o
LOAD ./Generated_Code/list.o
LOAD ./Generated_Code/mpu_wrappers.o
LOAD ./Generated_Code/port.o
LOAD ./Generated_Code/queue.o
LOAD ./Generated_Code/tasks.o
LOAD ./Generated_Code/timers.o
LOAD c:/freescale/kds_v3/toolchain/bin/../lib/gcc/arm-none-eabi/4.8.4/../../../../arm-none-eabi/lib/armv7e-m/fpu\libstdc++.a
LOAD c:/freescale/kds_v3/toolchain/bin/../lib/gcc/arm-none-eabi/4.8.4/../../../../arm-none-eabi/lib/armv7e-m/fpu\libm.a
START GROUP
LOAD c:/freescale/kds_v3/toolchain/bin/../lib/gcc/arm-none-eabi/4.8.4/armv7e-m/fpu\libgcc.a
LOAD c:/freescale/kds_v3/toolchain/bin/../lib/gcc/arm-none-eabi/4.8.4/../../../../arm-none-eabi/lib/armv7e-m/fpu\libg.a
LOAD c:/freescale/kds_v3/toolchain/bin/../lib/gcc/arm-none-eabi/4.8.4/../../../../arm-none-eabi/lib/armv7e-m/fpu\libc.a
END GROUP
START GROUP
LOAD c:/freescale/kds_v3/toolchain/bin/../lib/gcc/arm-none-eabi/4.8.4/armv7e-m/fpu\libgcc.a
LOAD c:/freescale/kds_v3/toolchain/bin/../lib/gcc/arm-none-eabi/4.8.4/../../../../arm-none-eabi/lib/armv7e-m/fpu\libc.a
LOAD c:/freescale/kds_v3/toolchain/bin/../lib/gcc/arm-none-eabi/4.8.4/../../../../arm-none-eabi/lib/armv7e-m/fpu\librdimon.a
END GROUP
LOAD c:/freescale/kds_v3/toolchain/bin/../lib/gcc/arm-none-eabi/4.8.4/armv7e-m/fpu/crtend.o
LOAD c:/freescale/kds_v3/toolchain/bin/../lib/gcc/arm-none-eabi/4.8.4/armv7e-m/fpu/crtn.o
                0x20030000                _estack = 0x20030000
                0x20030000                __SP_INIT = _estack
                0x20030000                __stack = _estack
                0x00001000                __heap_size = 0x1000
                0x00001000                __stack_size = 0x1000

.interrupts     0x00000000      0x198
                0x00000000                __vector_table = .
                0x00000000                . = ALIGN (0x4)
 *(.vectortable)
 .vectortable   0x00000000      0x198 ./Static_Code/System/Vectors.o
                0x00000000                __vect_table
                0x00000198                . = ALIGN (0x4)

.cfmprotect     0x00000400       0x10
                0x00000400                . = ALIGN (0x4)
 *(.cfmconfig)
 .cfmconfig     0x00000400       0x10 ./Static_Code/System/CPU_Init.o
                0x00000400                _cfm
                0x00000410                . = ALIGN (0x4)

.text           0x00000410    0x14fd8
                0x00000410                . = ALIGN (0x4)
 *(.text)
 .text          0x00000410       0x54 c:/freescale/kds_v3/toolchain/bin/../lib/gcc/arm-none-eabi/4.8.4/armv7e-m/fpu/crtbegin.o
 .text          0x00000464       0xdc c:/freescale/kds_v3/toolchain/bin/../lib/gcc/arm-none-eabi/4.8.4/../../../../arm-none-eabi/lib/armv7e-m/fpu/rdimon-crt0.o
                0x00000464                _start
                0x00000464                _mainCRTStartup
 .text          0x00000540      0x370 c:/freescale/kds_v3/toolchain/bin/../lib/gcc/arm-none-eabi/4.8.4/armv7e-m/fpu\libgcc.a(_arm_addsubdf3.o)
                0x00000540                __aeabi_drsub
                0x00000548                __aeabi_dsub
                0x00000548                __subdf3
                0x0000054c                __aeabi_dadd
                0x0000054c                __adddf3
                0x000007c4                __floatunsidf
                0x000007c4                __aeabi_ui2d
                0x000007e4                __floatsidf
                0x000007e4                __aeabi_i2d
                0x00000808                __aeabi_f2d
                0x00000808                __extendsfdf2
                0x00000844                __floatundidf
                0x00000844                __aeabi_ul2d
                0x00000854                __floatdidf
                0x00000854                __aeabi_l2d
 .text          0x000008b0      0x424 c:/freescale/kds_v3/toolchain/bin/../lib/gcc/arm-none-eabi/4.8.4/armv7e-m/fpu\libgcc.a(_arm_muldivdf3.o)
                0x000008b0                __aeabi_dmul
                0x000008b0                __muldf3
                0x00000b04                __divdf3
                0x00000b04                __aeabi_ddiv
 .text          0x00000cd4      0x134 c:/freescale/kds_v3/toolchain/bin/../lib/gcc/arm-none-eabi/4.8.4/../../../../arm-none-eabi/lib/armv7e-m/fpu\libg.a(lib_a-memcpy.o)
                0x00000cd4                memcpy
 .text          0x00000e08      0x110 c:/freescale/kds_v3/toolchain/bin/../lib/gcc/arm-none-eabi/4.8.4/armv7e-m/fpu\libgcc.a(_arm_cmpdf2.o)
                0x00000e08                __gtdf2
                0x00000e08                __gedf2
                0x00000e10                __ltdf2
                0x00000e10                __ledf2
                0x00000e18                __nedf2
                0x00000e18                __eqdf2
                0x00000e18                __cmpdf2
                0x00000e94                __aeabi_cdrcmple
                0x00000ea4                __aeabi_cdcmpeq
                0x00000ea4                __aeabi_cdcmple
                0x00000eb4                __aeabi_dcmpeq
                0x00000ec8                __aeabi_dcmplt
                0x00000edc                __aeabi_dcmple
                0x00000ef0                __aeabi_dcmpge
                0x00000f04                __aeabi_dcmpgt
 .text          0x00000f18       0x50 c:/freescale/kds_v3/toolchain/bin/../lib/gcc/arm-none-eabi/4.8.4/armv7e-m/fpu\libgcc.a(_arm_fixdfsi.o)
                0x00000f18                __aeabi_d2iz
                0x00000f18                __fixdfsi
 .text          0x00000f68       0x40 c:/freescale/kds_v3/toolchain/bin/../lib/gcc/arm-none-eabi/4.8.4/armv7e-m/fpu\libgcc.a(_arm_fixunsdfsi.o)
                0x00000f68                __aeabi_d2uiz
                0x00000f68                __fixunsdfsi
 .text          0x00000fa8       0xa0 c:/freescale/kds_v3/toolchain/bin/../lib/gcc/arm-none-eabi/4.8.4/armv7e-m/fpu\libgcc.a(_arm_truncdfsf2.o)
                0x00000fa8                __truncdfsf2
                0x00000fa8                __aeabi_d2f
 .text          0x00001048       0x2c c:/freescale/kds_v3/toolchain/bin/../lib/gcc/arm-none-eabi/4.8.4/armv7e-m/fpu\libgcc.a(_aeabi_uldivmod.o)
                0x00001048                __aeabi_uldivmod
 .text          0x00001074       0x60 c:/freescale/kds_v3/toolchain/bin/../lib/gcc/arm-none-eabi/4.8.4/armv7e-m/fpu\libgcc.a(bpabi.o)
                0x00001074                __gnu_ldivmod_helper
                0x000010a4                __gnu_uldivmod_helper
 .text          0x000010d4        0x4 c:/freescale/kds_v3/toolchain/bin/../lib/gcc/arm-none-eabi/4.8.4/armv7e-m/fpu\libgcc.a(_dvmd_tls.o)
                0x000010d4                __aeabi_idiv0
                0x000010d4                __aeabi_ldiv0
 .text          0x000010d8      0x298 c:/freescale/kds_v3/toolchain/bin/../lib/gcc/arm-none-eabi/4.8.4/armv7e-m/fpu\libgcc.a(_divdi3.o)
                0x000010d8                __divdi3
 .text          0x00001370      0x284 c:/freescale/kds_v3/toolchain/bin/../lib/gcc/arm-none-eabi/4.8.4/armv7e-m/fpu\libgcc.a(_udivdi3.o)
                0x00001370                __udivdi3
 *(.text*)
 .text.CPU_SetBASEPRI
                0x000015f4       0x18 ./Static_Code/System/CPU_Init.o
                0x000015f4                CPU_SetBASEPRI
 .text.__init_hardware
                0x0000160c       0x90 ./Static_Code/System/CPU_Init.o
                0x0000160c                __init_hardware
 .text.PE_low_level_init
                0x0000169c       0x14 ./Static_Code/System/CPU_Init.o
                0x0000169c                PE_low_level_init
 .text.CPU_GetClockGenMode
                0x000016b0       0x90 ./Static_Code/System/CPU_Init.o
                0x000016b0                CPU_GetClockGenMode
 .text.CPU_SetClockConfigGenMode
                0x00001740      0x54c ./Static_Code/System/CPU_Init.o
                0x00001740                CPU_SetClockConfigGenMode
 .text.Unhandled_ivINT_Mem_Manage_Fault
                0x00001c8c       0x18 ./Static_Code/System/Vectors.o
                0x00001c8c                Unhandled_ivINT_Mem_Manage_Fault
 .text.Unhandled_ivINT_Bus_Fault
                0x00001ca4       0x18 ./Static_Code/System/Vectors.o
                0x00001ca4                Unhandled_ivINT_Bus_Fault
 .text.Unhandled_ivINT_Usage_Fault
                0x00001cbc       0x18 ./Static_Code/System/Vectors.o
                0x00001cbc                Unhandled_ivINT_Usage_Fault
 .text.Unhandled_ivINT_Reserved7
                0x00001cd4       0x18 ./Static_Code/System/Vectors.o
                0x00001cd4                Unhandled_ivINT_Reserved7
 .text.Unhandled_ivINT_Reserved8
                0x00001cec       0x18 ./Static_Code/System/Vectors.o
                0x00001cec                Unhandled_ivINT_Reserved8
 .text.Unhandled_ivINT_Reserved9
                0x00001d04       0x18 ./Static_Code/System/Vectors.o
                0x00001d04                Unhandled_ivINT_Reserved9
 .text.Unhandled_ivINT_Reserved10
                0x00001d1c       0x18 ./Static_Code/System/Vectors.o
                0x00001d1c                Unhandled_ivINT_Reserved10
 .text.Unhandled_ivINT_DebugMonitor
                0x00001d34       0x18 ./Static_Code/System/Vectors.o
                0x00001d34                Unhandled_ivINT_DebugMonitor
 .text.Unhandled_ivINT_Reserved13
                0x00001d4c       0x18 ./Static_Code/System/Vectors.o
                0x00001d4c                Unhandled_ivINT_Reserved13
 .text.Unhandled_ivINT_DMA0
                0x00001d64       0x18 ./Static_Code/System/Vectors.o
                0x00001d64                Unhandled_ivINT_DMA0
 .text.Unhandled_ivINT_DMA1
                0x00001d7c       0x18 ./Static_Code/System/Vectors.o
                0x00001d7c                Unhandled_ivINT_DMA1
 .text.Unhandled_ivINT_DMA2
                0x00001d94       0x18 ./Static_Code/System/Vectors.o
                0x00001d94                Unhandled_ivINT_DMA2
 .text.Unhandled_ivINT_DMA3
                0x00001dac       0x18 ./Static_Code/System/Vectors.o
                0x00001dac                Unhandled_ivINT_DMA3
 .text.Unhandled_ivINT_DMA4
                0x00001dc4       0x18 ./Static_Code/System/Vectors.o
                0x00001dc4                Unhandled_ivINT_DMA4
 .text.Unhandled_ivINT_DMA5
                0x00001ddc       0x18 ./Static_Code/System/Vectors.o
                0x00001ddc                Unhandled_ivINT_DMA5
 .text.Unhandled_ivINT_DMA6
                0x00001df4       0x18 ./Static_Code/System/Vectors.o
                0x00001df4                Unhandled_ivINT_DMA6
 .text.Unhandled_ivINT_DMA7
                0x00001e0c       0x18 ./Static_Code/System/Vectors.o
                0x00001e0c                Unhandled_ivINT_DMA7
 .text.Unhandled_ivINT_DMA8
                0x00001e24       0x18 ./Static_Code/System/Vectors.o
                0x00001e24                Unhandled_ivINT_DMA8
 .text.Unhandled_ivINT_DMA9
                0x00001e3c       0x18 ./Static_Code/System/Vectors.o
                0x00001e3c                Unhandled_ivINT_DMA9
 .text.Unhandled_ivINT_DMA10
                0x00001e54       0x18 ./Static_Code/System/Vectors.o
                0x00001e54                Unhandled_ivINT_DMA10
 .text.Unhandled_ivINT_DMA11
                0x00001e6c       0x18 ./Static_Code/System/Vectors.o
                0x00001e6c                Unhandled_ivINT_DMA11
 .text.Unhandled_ivINT_DMA12
                0x00001e84       0x18 ./Static_Code/System/Vectors.o
                0x00001e84                Unhandled_ivINT_DMA12
 .text.Unhandled_ivINT_DMA13
                0x00001e9c       0x18 ./Static_Code/System/Vectors.o
                0x00001e9c                Unhandled_ivINT_DMA13
 .text.Unhandled_ivINT_DMA14
                0x00001eb4       0x18 ./Static_Code/System/Vectors.o
                0x00001eb4                Unhandled_ivINT_DMA14
 .text.Unhandled_ivINT_DMA15
                0x00001ecc       0x18 ./Static_Code/System/Vectors.o
                0x00001ecc                Unhandled_ivINT_DMA15
 .text.Unhandled_ivINT_DMA_Error
                0x00001ee4       0x18 ./Static_Code/System/Vectors.o
                0x00001ee4                Unhandled_ivINT_DMA_Error
 .text.Unhandled_ivINT_MCM
                0x00001efc       0x18 ./Static_Code/System/Vectors.o
                0x00001efc                Unhandled_ivINT_MCM
 .text.Unhandled_ivINT_FTFE
                0x00001f14       0x18 ./Static_Code/System/Vectors.o
                0x00001f14                Unhandled_ivINT_FTFE
 .text.Unhandled_ivINT_Read_Collision
                0x00001f2c       0x18 ./Static_Code/System/Vectors.o
                0x00001f2c                Unhandled_ivINT_Read_Collision
 .text.Unhandled_ivINT_LVD_LVW
                0x00001f44       0x18 ./Static_Code/System/Vectors.o
                0x00001f44                Unhandled_ivINT_LVD_LVW
 .text.Unhandled_ivINT_LLWU
                0x00001f5c       0x18 ./Static_Code/System/Vectors.o
                0x00001f5c                Unhandled_ivINT_LLWU
 .text.Unhandled_ivINT_WDOG_EWM
                0x00001f74       0x18 ./Static_Code/System/Vectors.o
                0x00001f74                Unhandled_ivINT_WDOG_EWM
 .text.Unhandled_ivINT_RNG
                0x00001f8c       0x18 ./Static_Code/System/Vectors.o
                0x00001f8c                Unhandled_ivINT_RNG
 .text.Unhandled_ivINT_I2C1
                0x00001fa4       0x18 ./Static_Code/System/Vectors.o
                0x00001fa4                Unhandled_ivINT_I2C1
 .text.Unhandled_ivINT_SPI0
                0x00001fbc       0x18 ./Static_Code/System/Vectors.o
                0x00001fbc                Unhandled_ivINT_SPI0
 .text.Unhandled_ivINT_I2S0_Tx
                0x00001fd4       0x18 ./Static_Code/System/Vectors.o
                0x00001fd4                Unhandled_ivINT_I2S0_Tx
 .text.Unhandled_ivINT_I2S0_Rx
                0x00001fec       0x18 ./Static_Code/System/Vectors.o
                0x00001fec                Unhandled_ivINT_I2S0_Rx
 .text.Unhandled_ivINT_UART0_LON
                0x00002004       0x18 ./Static_Code/System/Vectors.o
                0x00002004                Unhandled_ivINT_UART0_LON
 .text.Unhandled_ivINT_UART1_RX_TX
                0x0000201c       0x18 ./Static_Code/System/Vectors.o
                0x0000201c                Unhandled_ivINT_UART1_RX_TX
 .text.Unhandled_ivINT_UART1_ERR
                0x00002034       0x18 ./Static_Code/System/Vectors.o
                0x00002034                Unhandled_ivINT_UART1_ERR
 .text.Unhandled_ivINT_UART2_RX_TX
                0x0000204c       0x18 ./Static_Code/System/Vectors.o
                0x0000204c                Unhandled_ivINT_UART2_RX_TX
 .text.Unhandled_ivINT_UART2_ERR
                0x00002064       0x18 ./Static_Code/System/Vectors.o
                0x00002064                Unhandled_ivINT_UART2_ERR
 .text.Unhandled_ivINT_ADC0
                0x0000207c       0x18 ./Static_Code/System/Vectors.o
                0x0000207c                Unhandled_ivINT_ADC0
 .text.Unhandled_ivINT_CMP0
                0x00002094       0x18 ./Static_Code/System/Vectors.o
                0x00002094                Unhandled_ivINT_CMP0
 .text.Unhandled_ivINT_CMP1
                0x000020ac       0x18 ./Static_Code/System/Vectors.o
                0x000020ac                Unhandled_ivINT_CMP1
 .text.Unhandled_ivINT_FTM0
                0x000020c4       0x18 ./Static_Code/System/Vectors.o
                0x000020c4                Unhandled_ivINT_FTM0
 .text.Unhandled_ivINT_FTM1
                0x000020dc       0x18 ./Static_Code/System/Vectors.o
                0x000020dc                Unhandled_ivINT_FTM1
 .text.Unhandled_ivINT_CMT
                0x000020f4       0x18 ./Static_Code/System/Vectors.o
                0x000020f4                Unhandled_ivINT_CMT
 .text.Unhandled_ivINT_RTC
                0x0000210c       0x18 ./Static_Code/System/Vectors.o
                0x0000210c                Unhandled_ivINT_RTC
 .text.Unhandled_ivINT_RTC_Seconds
                0x00002124       0x18 ./Static_Code/System/Vectors.o
                0x00002124                Unhandled_ivINT_RTC_Seconds
 .text.Unhandled_ivINT_PIT0
                0x0000213c       0x18 ./Static_Code/System/Vectors.o
                0x0000213c                Unhandled_ivINT_PIT0
 .text.Unhandled_ivINT_PIT1
                0x00002154       0x18 ./Static_Code/System/Vectors.o
                0x00002154                Unhandled_ivINT_PIT1
 .text.Unhandled_ivINT_PIT2
                0x0000216c       0x18 ./Static_Code/System/Vectors.o
                0x0000216c                Unhandled_ivINT_PIT2
 .text.Unhandled_ivINT_PIT3
                0x00002184       0x18 ./Static_Code/System/Vectors.o
                0x00002184                Unhandled_ivINT_PIT3
 .text.Unhandled_ivINT_PDB0
                0x0000219c       0x18 ./Static_Code/System/Vectors.o
                0x0000219c                Unhandled_ivINT_PDB0
 .text.Unhandled_ivINT_USB0
                0x000021b4       0x18 ./Static_Code/System/Vectors.o
                0x000021b4                Unhandled_ivINT_USB0
 .text.Unhandled_ivINT_USBDCD
                0x000021cc       0x18 ./Static_Code/System/Vectors.o
                0x000021cc                Unhandled_ivINT_USBDCD
 .text.Unhandled_ivINT_Reserved71
                0x000021e4       0x18 ./Static_Code/System/Vectors.o
                0x000021e4                Unhandled_ivINT_Reserved71
 .text.Unhandled_ivINT_DAC0
                0x000021fc       0x18 ./Static_Code/System/Vectors.o
                0x000021fc                Unhandled_ivINT_DAC0
 .text.Unhandled_ivINT_MCG
                0x00002214       0x18 ./Static_Code/System/Vectors.o
                0x00002214                Unhandled_ivINT_MCG
 .text.Unhandled_ivINT_LPTMR0
                0x0000222c       0x18 ./Static_Code/System/Vectors.o
                0x0000222c                Unhandled_ivINT_LPTMR0
 .text.Unhandled_ivINT_PORTA
                0x00002244       0x18 ./Static_Code/System/Vectors.o
                0x00002244                Unhandled_ivINT_PORTA
 .text.Unhandled_ivINT_PORTB
                0x0000225c       0x18 ./Static_Code/System/Vectors.o
                0x0000225c                Unhandled_ivINT_PORTB
 .text.Unhandled_ivINT_PORTD
                0x00002274       0x18 ./Static_Code/System/Vectors.o
                0x00002274                Unhandled_ivINT_PORTD
 .text.Unhandled_ivINT_PORTE
                0x0000228c       0x18 ./Static_Code/System/Vectors.o
                0x0000228c                Unhandled_ivINT_PORTE
 .text.Unhandled_ivINT_SWI
                0x000022a4       0x18 ./Static_Code/System/Vectors.o
                0x000022a4                Unhandled_ivINT_SWI
 .text.Unhandled_ivINT_SPI2
                0x000022bc       0x18 ./Static_Code/System/Vectors.o
                0x000022bc                Unhandled_ivINT_SPI2
 .text.Unhandled_ivINT_UART4_RX_TX
                0x000022d4       0x18 ./Static_Code/System/Vectors.o
                0x000022d4                Unhandled_ivINT_UART4_RX_TX
 .text.Unhandled_ivINT_UART4_ERR
                0x000022ec       0x18 ./Static_Code/System/Vectors.o
                0x000022ec                Unhandled_ivINT_UART4_ERR
 .text.Unhandled_ivINT_UART5_RX_TX
                0x00002304       0x18 ./Static_Code/System/Vectors.o
                0x00002304                Unhandled_ivINT_UART5_RX_TX
 .text.Unhandled_ivINT_UART5_ERR
                0x0000231c       0x18 ./Static_Code/System/Vectors.o
                0x0000231c                Unhandled_ivINT_UART5_ERR
 .text.Unhandled_ivINT_CMP2
                0x00002334       0x18 ./Static_Code/System/Vectors.o
                0x00002334                Unhandled_ivINT_CMP2
 .text.Unhandled_ivINT_FTM3
                0x0000234c       0x18 ./Static_Code/System/Vectors.o
                0x0000234c                Unhandled_ivINT_FTM3
 .text.Unhandled_ivINT_Reserved88
                0x00002364       0x18 ./Static_Code/System/Vectors.o
                0x00002364                Unhandled_ivINT_Reserved88
 .text.Unhandled_ivINT_ADC1
                0x0000237c       0x18 ./Static_Code/System/Vectors.o
                0x0000237c                Unhandled_ivINT_ADC1
 .text.Unhandled_ivINT_I2C2
                0x00002394       0x18 ./Static_Code/System/Vectors.o
                0x00002394                Unhandled_ivINT_I2C2
 .text.Unhandled_ivINT_CAN0_ORed_Message_buffer
                0x000023ac       0x18 ./Static_Code/System/Vectors.o
                0x000023ac                Unhandled_ivINT_CAN0_ORed_Message_buffer
 .text.Unhandled_ivINT_CAN0_Bus_Off
                0x000023c4       0x18 ./Static_Code/System/Vectors.o
                0x000023c4                Unhandled_ivINT_CAN0_Bus_Off
 .text.Unhandled_ivINT_CAN0_Error
                0x000023dc       0x18 ./Static_Code/System/Vectors.o
                0x000023dc                Unhandled_ivINT_CAN0_Error
 .text.Unhandled_ivINT_CAN0_Tx_Warning
                0x000023f4       0x18 ./Static_Code/System/Vectors.o
                0x000023f4                Unhandled_ivINT_CAN0_Tx_Warning
 .text.Unhandled_ivINT_CAN0_Rx_Warning
                0x0000240c       0x18 ./Static_Code/System/Vectors.o
                0x0000240c                Unhandled_ivINT_CAN0_Rx_Warning
 .text.Unhandled_ivINT_CAN0_Wake_Up
                0x00002424       0x18 ./Static_Code/System/Vectors.o
                0x00002424                Unhandled_ivINT_CAN0_Wake_Up
 .text.Unhandled_ivINT_SDHC
                0x0000243c       0x18 ./Static_Code/System/Vectors.o
                0x0000243c                Unhandled_ivINT_SDHC
 .text.Unhandled_ivINT_ENET_1588_Timer
                0x00002454       0x18 ./Static_Code/System/Vectors.o
                0x00002454                Unhandled_ivINT_ENET_1588_Timer
 .text.Unhandled_ivINT_ENET_Transmit
                0x0000246c       0x18 ./Static_Code/System/Vectors.o
                0x0000246c                Unhandled_ivINT_ENET_Transmit
 .text.Unhandled_ivINT_ENET_Receive
                0x00002484       0x18 ./Static_Code/System/Vectors.o
                0x00002484                Unhandled_ivINT_ENET_Receive
 .text.Unhandled_ivINT_ENET_Error
                0x0000249c       0x18 ./Static_Code/System/Vectors.o
                0x0000249c                Unhandled_ivINT_ENET_Error
 .text.Cpu_OnNMI
                0x000024b4        0xc ./Sources/Events.o
                0x000024b4                Cpu_OnNMI
 .text.TI1_OnInterrupt
                0x000024c0        0xc ./Sources/Events.o
                0x000024c0                TI1_OnInterrupt
 .text.SM1_OnBlockSent
                0x000024cc       0x14 ./Sources/Events.o
                0x000024cc                SM1_OnBlockSent
 .text.PPS_OnInterrupt
                0x000024e0        0xc ./Sources/Events.o
                0x000024e0                PPS_OnInterrupt
 .text.GPS_OnError
                0x000024ec        0xc ./Sources/Events.o
                0x000024ec                GPS_OnError
 .text.GPS_OnRxChar
                0x000024f8        0xc ./Sources/Events.o
                0x000024f8                GPS_OnRxChar
 .text.GPS_OnTxChar
                0x00002504        0xc ./Sources/Events.o
                0x00002504                GPS_OnTxChar
 .text.GPS_OnFullRxBuf
                0x00002510        0xc ./Sources/Events.o
                0x00002510                GPS_OnFullRxBuf
 .text.GPS_OnFreeTxBuf
                0x0000251c        0xc ./Sources/Events.o
                0x0000251c                GPS_OnFreeTxBuf
 .text.FRTOS1_vApplicationStackOverflowHook
                0x00002528       0x14 ./Sources/Events.o
                0x00002528                FRTOS1_vApplicationStackOverflowHook
 .text.FRTOS1_vApplicationTickHook
                0x0000253c        0xc ./Sources/Events.o
                0x0000253c                FRTOS1_vApplicationTickHook
 .text.FRTOS1_vApplicationIdleHook
                0x00002548        0xc ./Sources/Events.o
                0x00002548                FRTOS1_vApplicationIdleHook
 .text.FRTOS1_vApplicationMallocFailedHook
                0x00002554       0x10 ./Sources/Events.o
                0x00002554                FRTOS1_vApplicationMallocFailedHook
 .text.AS1_OnError
                0x00002564        0xc ./Sources/Events.o
                0x00002564                AS1_OnError
 .text.AS1_OnRxChar
                0x00002570        0xc ./Sources/Events.o
                0x00002570                AS1_OnRxChar
 .text.AS1_OnTxChar
                0x0000257c        0xc ./Sources/Events.o
                0x0000257c                AS1_OnTxChar
 .text.AS1_OnFreeTxBuf
                0x00002588        0xc ./Sources/Events.o
                0x00002588                AS1_OnFreeTxBuf
 .text.Err      0x00002594        0x8 ./Sources/main.o
                0x00002594                Err
 .text.convertirADecimal
                0x0000259c       0xec ./Sources/main.o
                0x0000259c                convertirADecimal
 .text.extraerDato
                0x00002688       0x5c ./Sources/main.o
                0x00002688                extraerDato
 .text.extraerTiempo
                0x000026e4       0x28 ./Sources/main.o
                0x000026e4                extraerTiempo
 .text.extraerEstado
                0x0000270c       0x20 ./Sources/main.o
                0x0000270c                extraerEstado
 .text.extraerLatitud
                0x0000272c       0x5c ./Sources/main.o
                0x0000272c                extraerLatitud
 .text.extraerLongitud
                0x00002788       0x60 ./Sources/main.o
                0x00002788                extraerLongitud
 .text.extraerVelocidad
                0x000027e8       0x50 ./Sources/main.o
                0x000027e8                extraerVelocidad
 .text.extraerDireccion
                0x00002838       0x24 ./Sources/main.o
                0x00002838                extraerDireccion
 .text.formatearTiempoISO
                0x0000285c       0x70 ./Sources/main.o
                0x0000285c                formatearTiempoISO
 .text.extraerFecha
                0x000028cc       0x28 ./Sources/main.o
                0x000028cc                extraerFecha
 .text.parseNMEASentence
                0x000028f4      0x12c ./Sources/main.o
                0x000028f4                parseNMEASentence
 .text.escribeJSON
                0x00002a20      0x314 ./Sources/main.o
                0x00002a20                escribeJSON
 .text.SendString
                0x00002d34       0x68 ./Sources/main.o
                0x00002d34                SendString
 .text.cabeceraJSON
                0x00002d9c       0x20 ./Sources/main.o
                0x00002d9c                cabeceraJSON
 .text.finJSON  0x00002dbc       0x20 ./Sources/main.o
                0x00002dbc                finJSON
 .text.PulsadorHandler
                0x00002ddc       0x7c ./Sources/main.o
 .text.StorageOn
                0x00002e58       0x50 ./Sources/main.o
                0x00002e58                StorageOn
 .text.EscribeSD
                0x00002ea8       0x78 ./Sources/main.o
                0x00002ea8                EscribeSD
 .text.Acce     0x00002f20       0x44 ./Sources/main.o
 .text.Imprime  0x00002f64      0x13c ./Sources/main.o
 .text.CharGPS  0x000030a0       0x38 ./Sources/main.o
 .text.main     0x000030d8      0x148 ./Sources/main.o
                0x000030d8                main
 .text.__copy_rom_section
                0x00003220       0xe4 ./Project_Settings/Startup_Code/startup.o
                0x00003220                __copy_rom_section
 .text.__copy_rom_sections_to_ram
                0x00003304       0x9c ./Project_Settings/Startup_Code/startup.o
                0x00003304                __copy_rom_sections_to_ram
 .text.__init_registers
                0x000033a0       0x20 ./Project_Settings/Startup_Code/startup.o
                0x000033a0                __init_registers
 .text.__init_user
                0x000033c0        0xc ./Project_Settings/Startup_Code/startup.o
                0x000033c0                __init_user
 .text.__thumb_startup
                0x000033cc       0x34 ./Project_Settings/Startup_Code/startup.o
                0x000033cc                __thumb_startup
 .text.HWEnDi   0x00003400       0x1c ./Generated_Code/AS1.o
 .text.AS1_SendBlock
                0x0000341c      0x148 ./Generated_Code/AS1.o
                0x0000341c                AS1_SendBlock
 .text.AS1_Init
                0x00003564       0x44 ./Generated_Code/AS1.o
                0x00003564                AS1_Init
 .text.ASerialLdd1_OnBlockReceived
                0x000035a8       0x6c ./Generated_Code/AS1.o
                0x000035a8                ASerialLdd1_OnBlockReceived
 .text.ASerialLdd1_OnBlockSent
                0x00003614       0xd4 ./Generated_Code/AS1.o
                0x00003614                ASerialLdd1_OnBlockSent
 .text.ASerialLdd1_OnError
                0x000036e8       0x9c ./Generated_Code/AS1.o
                0x000036e8                ASerialLdd1_OnError
 .text.ASerialLdd1_OnBreak
                0x00003784       0x24 ./Generated_Code/AS1.o
                0x00003784                ASerialLdd1_OnBreak
 .text.ASerialLdd1_Init
                0x000037a8      0x1d8 ./Generated_Code/ASerialLdd1.o
                0x000037a8                ASerialLdd1_Init
 .text.ASerialLdd1_ReceiveBlock
                0x00003980       0x90 ./Generated_Code/ASerialLdd1.o
                0x00003980                ASerialLdd1_ReceiveBlock
 .text.ASerialLdd1_SendBlock
                0x00003a10       0xbc ./Generated_Code/ASerialLdd1.o
                0x00003a10                ASerialLdd1_SendBlock
 .text.InterruptRx
                0x00003acc       0x58 ./Generated_Code/ASerialLdd1.o
 .text.InterruptTx
                0x00003b24       0x80 ./Generated_Code/ASerialLdd1.o
 .text.ASerialLdd1_Interrupt
                0x00003ba4       0xf4 ./Generated_Code/ASerialLdd1.o
                0x00003ba4                ASerialLdd1_Interrupt
 .text.ASerialLdd1_GetError
                0x00003c98       0x70 ./Generated_Code/ASerialLdd1.o
                0x00003c98                ASerialLdd1_GetError
 .text.ASerialLdd2_Init
                0x00003d08      0x1d8 ./Generated_Code/ASerialLdd2.o
                0x00003d08                ASerialLdd2_Init
 .text.ASerialLdd2_ReceiveBlock
                0x00003ee0       0x90 ./Generated_Code/ASerialLdd2.o
                0x00003ee0                ASerialLdd2_ReceiveBlock
 .text.ASerialLdd2_SendBlock
                0x00003f70       0xbc ./Generated_Code/ASerialLdd2.o
                0x00003f70                ASerialLdd2_SendBlock
 .text.InterruptRx
                0x0000402c       0x58 ./Generated_Code/ASerialLdd2.o
 .text.InterruptTx
                0x00004084       0x80 ./Generated_Code/ASerialLdd2.o
 .text.ASerialLdd2_Interrupt
                0x00004104       0xf4 ./Generated_Code/ASerialLdd2.o
                0x00004104                ASerialLdd2_Interrupt
 .text.ASerialLdd2_GetError
                0x000041f8       0x70 ./Generated_Code/ASerialLdd2.o
                0x000041f8                ASerialLdd2_GetError
 .text.BitIoLdd1_Init
                0x00004268       0x80 ./Generated_Code/BitIoLdd1.o
                0x00004268                BitIoLdd1_Init
 .text.BitIoLdd1_SetVal
                0x000042e8       0x20 ./Generated_Code/BitIoLdd1.o
                0x000042e8                BitIoLdd1_SetVal
 .text.BitIoLdd2_Init
                0x00004308       0x80 ./Generated_Code/BitIoLdd2.o
                0x00004308                BitIoLdd2_Init
 .text.BitIoLdd2_SetVal
                0x00004388       0x20 ./Generated_Code/BitIoLdd2.o
                0x00004388                BitIoLdd2_SetVal
 .text.BitIoLdd3_Init
                0x000043a8       0x80 ./Generated_Code/BitIoLdd3.o
                0x000043a8                BitIoLdd3_Init
 .text.BitIoLdd3_PutVal
                0x00004428       0x34 ./Generated_Code/BitIoLdd3.o
                0x00004428                BitIoLdd3_PutVal
 .text.BitIoLdd4_Init
                0x0000445c       0x74 ./Generated_Code/BitIoLdd4.o
                0x0000445c                BitIoLdd4_Init
 .text.BitIoLdd4_GetVal
                0x000044d0       0x30 ./Generated_Code/BitIoLdd4.o
                0x000044d0                BitIoLdd4_GetVal
 .text.BitIoLdd5_Init
                0x00004500       0x80 ./Generated_Code/BitIoLdd5.o
                0x00004500                BitIoLdd5_Init
 .text.BitIoLdd5_PutVal
                0x00004580       0x34 ./Generated_Code/BitIoLdd5.o
                0x00004580                BitIoLdd5_PutVal
 .text.BitsIoLdd1_Init
                0x000045b4       0x74 ./Generated_Code/BitsIoLdd1.o
                0x000045b4                BitsIoLdd1_Init
 .text.BitsIoLdd1_GetVal
                0x00004628       0x28 ./Generated_Code/BitsIoLdd1.o
                0x00004628                BitsIoLdd1_GetVal
 .text.CD1_Init
                0x00004650       0x74 ./Generated_Code/CD1.o
                0x00004650                CD1_Init
 .text.CI2C1_Interrupt
                0x000046c4      0x288 ./Generated_Code/CI2C1.o
                0x000046c4                CI2C1_Interrupt
 .text.CI2C1_Init
                0x0000494c      0x148 ./Generated_Code/CI2C1.o
                0x0000494c                CI2C1_Init
 .text.CI2C1_MasterSendBlock
                0x00004a94      0x18c ./Generated_Code/CI2C1.o
                0x00004a94                CI2C1_MasterSendBlock
 .text.CI2C1_MasterReceiveBlock
                0x00004c20      0x188 ./Generated_Code/CI2C1.o
                0x00004c20                CI2C1_MasterReceiveBlock
 .text.CI2C1_SelectSlaveDevice
                0x00004da8       0xf0 ./Generated_Code/CI2C1.o
                0x00004da8                CI2C1_SelectSlaveDevice
 .text.Components_Init
                0x00004e98       0x6c ./Generated_Code/Cpu.o
                0x00004e98                Components_Init
 .text.Cpu_INT_NMIInterrupt
                0x00004f04       0x1c ./Generated_Code/Cpu.o
                0x00004f04                Cpu_INT_NMIInterrupt
 .text.ExtIntLdd1_Init
                0x00004f20       0x9c ./Generated_Code/ExtIntLdd1.o
                0x00004f20                ExtIntLdd1_Init
 .text.ExtIntLdd1_Interrupt
                0x00004fbc       0x40 ./Generated_Code/ExtIntLdd1.o
                0x00004fbc                ExtIntLdd1_Interrupt
 .text.disk_initialize
                0x00004ffc       0x28 ./Generated_Code/FAT1.o
                0x00004ffc                disk_initialize
 .text.disk_status
                0x00005024       0x28 ./Generated_Code/FAT1.o
                0x00005024                disk_status
 .text.disk_read
                0x0000504c       0x34 ./Generated_Code/FAT1.o
                0x0000504c                disk_read
 .text.disk_write
                0x00005080       0x34 ./Generated_Code/FAT1.o
                0x00005080                disk_write
 .text.disk_ioctl
                0x000050b4       0x34 ./Generated_Code/FAT1.o
                0x000050b4                disk_ioctl
 .text.FAT1_Init
                0x000050e8       0x24 ./Generated_Code/FAT1.o
                0x000050e8                FAT1_Init
 .text.FAT1_get_fattime
                0x0000510c       0x60 ./Generated_Code/FAT1.o
                0x0000510c                FAT1_get_fattime
 .text.get_fattime
                0x0000516c       0x10 ./Generated_Code/FAT1.o
                0x0000516c                get_fattime
 .text.FRTOS1_Init
                0x0000517c        0xc ./Generated_Code/FRTOS1.o
                0x0000517c                FRTOS1_Init
 .text.FX1_CalibrateZ1g
                0x00005188       0xa4 ./Generated_Code/FX1.o
                0x00005188                FX1_CalibrateZ1g
 .text.FX1_MeasureGetRawX
                0x0000522c       0x40 ./Generated_Code/FX1.o
                0x0000522c                FX1_MeasureGetRawX
 .text.FX1_MeasureGetRawY
                0x0000526c       0x40 ./Generated_Code/FX1.o
                0x0000526c                FX1_MeasureGetRawY
 .text.FX1_MeasureGetRawZ
                0x000052ac       0x40 ./Generated_Code/FX1.o
                0x000052ac                FX1_MeasureGetRawZ
 .text.FX1_GetX
                0x000052ec       0x34 ./Generated_Code/FX1.o
                0x000052ec                FX1_GetX
 .text.FX1_GetY
                0x00005320       0x34 ./Generated_Code/FX1.o
                0x00005320                FX1_GetY
 .text.FX1_GetZ
                0x00005354       0x34 ./Generated_Code/FX1.o
                0x00005354                FX1_GetZ
 .text.FX1_Enable
                0x00005388       0x54 ./Generated_Code/FX1.o
                0x00005388                FX1_Enable
 .text.GI2C1_SelectSlave
                0x000053dc       0x34 ./Generated_Code/GI2C1.o
                0x000053dc                GI2C1_SelectSlave
 .text.GI2C1_UnselectSlave
                0x00005410       0x10 ./Generated_Code/GI2C1.o
                0x00005410                GI2C1_UnselectSlave
 .text.GI2C1_ReadAddress
                0x00005420       0xac ./Generated_Code/GI2C1.o
                0x00005420                GI2C1_ReadAddress
 .text.GI2C1_WriteAddress
                0x000054cc       0xe0 ./Generated_Code/GI2C1.o
                0x000054cc                GI2C1_WriteAddress
 .text.CI2C1_OnMasterBlockSent
                0x000055ac       0x28 ./Generated_Code/GI2C1.o
                0x000055ac                CI2C1_OnMasterBlockSent
 .text.CI2C1_OnMasterBlockReceived
                0x000055d4       0x28 ./Generated_Code/GI2C1.o
                0x000055d4                CI2C1_OnMasterBlockReceived
 .text.GI2C1_Init
                0x000055fc       0x20 ./Generated_Code/GI2C1.o
                0x000055fc                GI2C1_Init
 .text.GI2C1_ReadByteAddress8
                0x0000561c       0x30 ./Generated_Code/GI2C1.o
                0x0000561c                GI2C1_ReadByteAddress8
 .text.GI2C1_WriteByteAddress8
                0x0000564c       0x30 ./Generated_Code/GI2C1.o
                0x0000564c                GI2C1_WriteByteAddress8
 .text.HWEnDi   0x0000567c       0x1c ./Generated_Code/GPS.o
 .text.GPS_RecvChar
                0x00005698       0xdc ./Generated_Code/GPS.o
                0x00005698                GPS_RecvChar
 .text.GPS_ClearRxBuf
                0x00005774       0x78 ./Generated_Code/GPS.o
                0x00005774                GPS_ClearRxBuf
 .text.GPS_Init
                0x000057ec       0x60 ./Generated_Code/GPS.o
                0x000057ec                GPS_Init
 .text.ASerialLdd2_OnBlockReceived
                0x0000584c       0xd0 ./Generated_Code/GPS.o
                0x0000584c                ASerialLdd2_OnBlockReceived
 .text.ASerialLdd2_OnBlockSent
                0x0000591c       0xd4 ./Generated_Code/GPS.o
                0x0000591c                ASerialLdd2_OnBlockSent
 .text.ASerialLdd2_OnError
                0x000059f0       0x9c ./Generated_Code/GPS.o
                0x000059f0                ASerialLdd2_OnError
 .text.ASerialLdd2_OnBreak
                0x00005a8c       0x24 ./Generated_Code/GPS.o
                0x00005a8c                ASerialLdd2_OnBreak
 .text.HF1_HandlerC
                0x00005ab0       0xd4 ./Generated_Code/HF1.o
                0x00005ab0                HF1_HandlerC
 .text.HF1_HardFaultHandler
                0x00005b84       0x1c ./Generated_Code/HF1.o
                0x00005b84                HF1_HardFaultHandler
 .text.HF1_Init
                0x00005ba0        0xc ./Generated_Code/HF1.o
                0x00005ba0                HF1_Init
 .text.LEDG_Init
                0x00005bac       0x14 ./Generated_Code/LEDG.o
                0x00005bac                LEDG_Init
 .text.LEDR_Init
                0x00005bc0       0x14 ./Generated_Code/LEDR.o
                0x00005bc0                LEDR_Init
 .text.ExtIntLdd1_OnInterrupt
                0x00005bd4       0x14 ./Generated_Code/PPS.o
                0x00005bd4                ExtIntLdd1_OnInterrupt
 .text.SD1_disk_initialize
                0x00005be8      0x154 ./Generated_Code/SD1.o
                0x00005be8                SD1_disk_initialize
 .text.SD1_disk_status
                0x00005d3c       0x20 ./Generated_Code/SD1.o
                0x00005d3c                SD1_disk_status
 .text.SD1_disk_read
                0x00005d5c       0xc0 ./Generated_Code/SD1.o
                0x00005d5c                SD1_disk_read
 .text.SD1_disk_write
                0x00005e1c       0xf8 ./Generated_Code/SD1.o
                0x00005e1c                SD1_disk_write
 .text.chk_power
                0x00005f14       0x10 ./Generated_Code/SD1.o
 .text.power_off
                0x00005f24        0xc ./Generated_Code/SD1.o
 .text.power_on
                0x00005f30        0xc ./Generated_Code/SD1.o
 .text.SD1_disk_ioctl
                0x00005f3c      0x3f0 ./Generated_Code/SD1.o
                0x00005f3c                SD1_disk_ioctl
 .text.SD1_SPI_WRITE
                0x0000632c       0x4c ./Generated_Code/SD1.o
                0x0000632c                SD1_SPI_WRITE
 .text.SD1_SPI_WRITE_READ
                0x00006378       0x4c ./Generated_Code/SD1.o
 .text.SD1_Activate
                0x000063c4       0x18 ./Generated_Code/SD1.o
                0x000063c4                SD1_Activate
 .text.SD1_Deactivate
                0x000063dc       0x14 ./Generated_Code/SD1.o
                0x000063dc                SD1_Deactivate
 .text.SD1_WaitReady
                0x000063f0       0x60 ./Generated_Code/SD1.o
                0x000063f0                SD1_WaitReady
 .text.SD1_ReceiveDataBlock
                0x00006450       0xb8 ./Generated_Code/SD1.o
                0x00006450                SD1_ReceiveDataBlock
 .text.SD1_SendDataBlock
                0x00006508       0x8c ./Generated_Code/SD1.o
                0x00006508                SD1_SendDataBlock
 .text.SD1_SendCmd
                0x00006594      0x100 ./Generated_Code/SD1.o
                0x00006594                SD1_SendCmd
 .text.SendCommand
                0x00006694       0x88 ./Generated_Code/SD1.o
 .text.SD1_Init
                0x0000671c       0xc4 ./Generated_Code/SD1.o
                0x0000671c                SD1_Init
 .text.SD1_ReceiveByte
                0x000067e0       0x24 ./Generated_Code/SD1.o
                0x000067e0                SD1_ReceiveByte
 .text.SD1_SetSlowMode
                0x00006804       0x2c ./Generated_Code/SD1.o
                0x00006804                SD1_SetSlowMode
 .text.SD1_SetFastMode
                0x00006830       0x2c ./Generated_Code/SD1.o
                0x00006830                SD1_SetFastMode
 .text.SD1_InitCommChannel
                0x0000685c       0x24 ./Generated_Code/SD1.o
                0x0000685c                SD1_InitCommChannel
 .text.SM1_OnBlockReceived
                0x00006880       0x1c ./Generated_Code/SD1.o
                0x00006880                SM1_OnBlockReceived
 .text.SM1_Init
                0x0000689c      0x134 ./Generated_Code/SM1.o
                0x0000689c                SM1_Init
 .text.SM1_ReceiveBlock
                0x000069d0       0x80 ./Generated_Code/SM1.o
                0x000069d0                SM1_ReceiveBlock
 .text.SM1_SendBlock
                0x00006a50       0x90 ./Generated_Code/SM1.o
                0x00006a50                SM1_SendBlock
 .text.SM1_SelectConfiguration
                0x00006ae0       0x88 ./Generated_Code/SM1.o
                0x00006ae0                SM1_SelectConfiguration
 .text.SM1_Interrupt
                0x00006b68      0x10c ./Generated_Code/SM1.o
                0x00006b68                SM1_Interrupt
 .text.SS1_Init
                0x00006c74       0x80 ./Generated_Code/SS1.o
                0x00006c74                SS1_Init
 .text.SS1_ClrVal
                0x00006cf4       0x1c ./Generated_Code/SS1.o
                0x00006cf4                SS1_ClrVal
 .text.SS1_SetVal
                0x00006d10       0x1c ./Generated_Code/SS1.o
                0x00006d10                SS1_SetVal
 .text.TimerIntLdd1_OnInterrupt
                0x00006d2c       0x14 ./Generated_Code/TI1.o
                0x00006d2c                TimerIntLdd1_OnInterrupt
 .text.TMOUT1_GetCounter
                0x00006d40       0x74 ./Generated_Code/TMOUT1.o
                0x00006d40                TMOUT1_GetCounter
 .text.TMOUT1_LeaveCounter
                0x00006db4       0x44 ./Generated_Code/TMOUT1.o
                0x00006db4                TMOUT1_LeaveCounter
 .text.TMOUT1_CounterExpired
                0x00006df8       0x48 ./Generated_Code/TMOUT1.o
                0x00006df8                TMOUT1_CounterExpired
 .text.TMOUT1_Init
                0x00006e40       0x3c ./Generated_Code/TMOUT1.o
                0x00006e40                TMOUT1_Init
 .text.TU1_Init
                0x00006e7c       0xd4 ./Generated_Code/TU1.o
                0x00006e7c                TU1_Init
 .text.TU1_Interrupt
                0x00006f50       0x6c ./Generated_Code/TU1.o
                0x00006f50                TU1_Interrupt
 .text.TimerIntLdd1_Init
                0x00006fbc       0x50 ./Generated_Code/TimerIntLdd1.o
                0x00006fbc                TimerIntLdd1_Init
 .text.TU1_OnCounterRestart
                0x0000700c       0x24 ./Generated_Code/TimerIntLdd1.o
                0x0000700c                TU1_OnCounterRestart
 .text.TmDt1_AddTick
                0x00007030       0xf0 ./Generated_Code/TmDt1.o
                0x00007030                TmDt1_AddTick
 .text.TmDt1_SetSWTimeDate
                0x00007120       0x98 ./Generated_Code/TmDt1.o
                0x00007120                TmDt1_SetSWTimeDate
 .text.TmDt1_GetSWTimeDate
                0x000071b8       0x90 ./Generated_Code/TmDt1.o
                0x000071b8                TmDt1_GetSWTimeDate
 .text.TmDt1_GetTime
                0x00007248       0x20 ./Generated_Code/TmDt1.o
                0x00007248                TmDt1_GetTime
 .text.TmDt1_GetDate
                0x00007268       0x20 ./Generated_Code/TmDt1.o
                0x00007268                TmDt1_GetDate
 .text.TmDt1_Init
                0x00007288       0x1c ./Generated_Code/TmDt1.o
                0x00007288                TmDt1_Init
 .text.TmDt1_TicksToTime
                0x000072a4       0xb8 ./Generated_Code/TmDt1.o
                0x000072a4                TmDt1_TicksToTime
 .text.TmDt1_TimeToTicks
                0x0000735c       0x50 ./Generated_Code/TmDt1.o
                0x0000735c                TmDt1_TimeToTicks
 .text.WAIT1_Wait10Cycles
                0x000073ac        0x8 ./Generated_Code/WAIT1.o
                0x000073ac                WAIT1_Wait10Cycles
 .text.WAIT1_Wait100Cycles
                0x000073b4       0x28 ./Generated_Code/WAIT1.o
                0x000073b4                WAIT1_Wait100Cycles
 .text.WAIT1_WaitCycles
                0x000073dc       0x34 ./Generated_Code/WAIT1.o
                0x000073dc                WAIT1_WaitCycles
 .text.WAIT1_WaitLongCycles
                0x00007410       0x38 ./Generated_Code/WAIT1.o
                0x00007410                WAIT1_WaitLongCycles
 .text.WAIT1_Waitms
                0x00007448       0x2c ./Generated_Code/WAIT1.o
                0x00007448                WAIT1_Waitms
 .text.WAIT1_Init
                0x00007474        0xc ./Generated_Code/WAIT1.o
                0x00007474                WAIT1_Init
 .text.ld_word  0x00007480       0x30 ./Generated_Code/ff.o
 .text.ld_dword
                0x000074b0       0x48 ./Generated_Code/ff.o
 .text.st_word  0x000074f8       0x34 ./Generated_Code/ff.o
 .text.st_dword
                0x0000752c       0x58 ./Generated_Code/ff.o
 .text.mem_cpy  0x00007584       0x40 ./Generated_Code/ff.o
 .text.mem_set  0x000075c4       0x34 ./Generated_Code/ff.o
 .text.mem_cmp  0x000075f8       0x50 ./Generated_Code/ff.o
 .text.chk_chr  0x00007648       0x38 ./Generated_Code/ff.o
 .text.sync_window
                0x00007680       0x8c ./Generated_Code/ff.o
 .text.move_window
                0x0000770c       0x5c ./Generated_Code/ff.o
 .text.sync_fs  0x00007768       0xdc ./Generated_Code/ff.o
 .text.clust2sect
                0x00007844       0x3c ./Generated_Code/ff.o
 .text.get_fat  0x00007880      0x140 ./Generated_Code/ff.o
 .text.put_fat  0x000079c0      0x1c8 ./Generated_Code/ff.o
 .text.remove_chain
                0x00007b88       0xc4 ./Generated_Code/ff.o
 .text.create_chain
                0x00007c4c      0x134 ./Generated_Code/ff.o
 .text.clmt_clust
                0x00007d80       0x6c ./Generated_Code/ff.o
 .text.dir_sdi  0x00007dec       0xf8 ./Generated_Code/ff.o
 .text.dir_next
                0x00007ee4      0x18c ./Generated_Code/ff.o
 .text.dir_alloc
                0x00008070       0x90 ./Generated_Code/ff.o
 .text.ld_clust
                0x00008100       0x40 ./Generated_Code/ff.o
 .text.st_clust
                0x00008140       0x40 ./Generated_Code/ff.o
 .text.dir_find
                0x00008180       0xa8 ./Generated_Code/ff.o
 .text.dir_register
                0x00008228       0x68 ./Generated_Code/ff.o
 .text.create_name
                0x00008290      0x200 ./Generated_Code/ff.o
 .text.follow_path
                0x00008490      0x12c ./Generated_Code/ff.o
 .text.get_ldnumber
                0x000085bc       0x90 ./Generated_Code/ff.o
 .text.check_fs
                0x0000864c       0x88 ./Generated_Code/ff.o
 .text.find_volume
                0x000086d4      0x480 ./Generated_Code/ff.o
 .text.validate
                0x00008b54       0x6c ./Generated_Code/ff.o
 .text.f_mount  0x00008bc0       0x88 ./Generated_Code/ff.o
                0x00008bc0                f_mount
 .text.f_open   0x00008c48      0x248 ./Generated_Code/ff.o
                0x00008c48                f_open
 .text.f_write  0x00008e90      0x2f4 ./Generated_Code/ff.o
                0x00008e90                f_write
 .text.f_sync   0x00009184      0x104 ./Generated_Code/ff.o
                0x00009184                f_sync
 .text.f_close  0x00009288       0x40 ./Generated_Code/ff.o
                0x00009288                f_close
 .text.f_lseek  0x000092c8      0x424 ./Generated_Code/ff.o
                0x000092c8                f_lseek
 .text.pvPortMalloc
                0x000096ec      0x124 ./Generated_Code/heap_2.o
                0x000096ec                pvPortMalloc
 .text.vPortFree
                0x00009810       0x70 ./Generated_Code/heap_2.o
                0x00009810                vPortFree
 .text.prvHeapInit
                0x00009880       0x50 ./Generated_Code/heap_2.o
 .text.vListInitialise
                0x000098d0       0x40 ./Generated_Code/list.o
                0x000098d0                vListInitialise
 .text.vListInitialiseItem
                0x00009910       0x18 ./Generated_Code/list.o
                0x00009910                vListInitialiseItem
 .text.vListInsertEnd
                0x00009928       0x48 ./Generated_Code/list.o
                0x00009928                vListInsertEnd
 .text.vListInsert
                0x00009970       0x70 ./Generated_Code/list.o
                0x00009970                vListInsert
 .text.uxListRemove
                0x000099e0       0x54 ./Generated_Code/list.o
                0x000099e0                uxListRemove
 .text.pxPortInitialiseStack
                0x00009a34       0x60 ./Generated_Code/port.o
                0x00009a34                pxPortInitialiseStack
 .text.vPortInitTickTimer
                0x00009a94       0x44 ./Generated_Code/port.o
                0x00009a94                vPortInitTickTimer
 .text.vPortStartTickTimer
                0x00009ad8       0x18 ./Generated_Code/port.o
                0x00009ad8                vPortStartTickTimer
 .text.vPortStopTickTimer
                0x00009af0       0x18 ./Generated_Code/port.o
                0x00009af0                vPortStopTickTimer
 .text.vPortEnableVFP
                0x00009b08       0x1c ./Generated_Code/port.o
                0x00009b08                vPortEnableVFP
 .text.xPortStartScheduler
                0x00009b24       0xc4 ./Generated_Code/port.o
                0x00009b24                xPortStartScheduler
 .text.vPortEnterCritical
                0x00009be8       0x4c ./Generated_Code/port.o
                0x00009be8                vPortEnterCritical
 .text.vPortExitCritical
                0x00009c34       0x2c ./Generated_Code/port.o
                0x00009c34                vPortExitCritical
 .text.vPortYieldFromISR
                0x00009c60       0x20 ./Generated_Code/port.o
                0x00009c60                vPortYieldFromISR
 .text.vPortTickHandler
                0x00009c80       0x24 ./Generated_Code/port.o
                0x00009c80                vPortTickHandler
 .text.vPortStartFirstTask
                0x00009ca4       0x30 ./Generated_Code/port.o
                0x00009ca4                vPortStartFirstTask
 .text.vPortSVCHandler
                0x00009cd4       0x1c ./Generated_Code/port.o
                0x00009cd4                vPortSVCHandler
 .text.vPortPendSVHandler_native
                0x00009cf0       0x50 ./Generated_Code/port.o
                0x00009cf0                vPortPendSVHandler_native
 .text.PendSV_Handler_jumper
                0x00009d40        0x4 ./Generated_Code/port.o
                0x00009d40                PendSV_Handler_jumper
 .text.vPortPendSVHandler
                0x00009d44       0x7c ./Generated_Code/port.o
                0x00009d44                vPortPendSVHandler
 .text.xQueueGenericReset
                0x00009dc0       0xb4 ./Generated_Code/queue.o
                0x00009dc0                xQueueGenericReset
 .text.xQueueGenericCreate
                0x00009e74       0x68 ./Generated_Code/queue.o
                0x00009e74                xQueueGenericCreate
 .text.prvInitialiseNewQueue
                0x00009edc       0x3c ./Generated_Code/queue.o
 .text.xQueueGenericSend
                0x00009f18      0x1ac ./Generated_Code/queue.o
                0x00009f18                xQueueGenericSend
 .text.xQueueGenericReceive
                0x0000a0c4      0x1e4 ./Generated_Code/queue.o
                0x0000a0c4                xQueueGenericReceive
 .text.prvCopyDataToQueue
                0x0000a2a8       0xd8 ./Generated_Code/queue.o
 .text.prvCopyDataFromQueue
                0x0000a380       0x4c ./Generated_Code/queue.o
 .text.prvUnlockQueue
                0x0000a3cc       0xa0 ./Generated_Code/queue.o
 .text.prvIsQueueEmpty
                0x0000a46c       0x2c ./Generated_Code/queue.o
 .text.prvIsQueueFull
                0x0000a498       0x30 ./Generated_Code/queue.o
 .text.xTaskCreate
                0x0000a4c8       0x84 ./Generated_Code/tasks.o
                0x0000a4c8                xTaskCreate
 .text.prvInitialiseNewTask
                0x0000a54c      0x104 ./Generated_Code/tasks.o
 .text.prvAddNewTaskToReadyList
                0x0000a650       0xc4 ./Generated_Code/tasks.o
 .text.vTaskDelay
                0x0000a714       0x4c ./Generated_Code/tasks.o
                0x0000a714                vTaskDelay
 .text.vTaskSuspend
                0x0000a760       0xf4 ./Generated_Code/tasks.o
                0x0000a760                vTaskSuspend
 .text.prvTaskIsTaskSuspended
                0x0000a854       0x6c ./Generated_Code/tasks.o
 .text.vTaskResume
                0x0000a8c0       0x9c ./Generated_Code/tasks.o
                0x0000a8c0                vTaskResume
 .text.vTaskStartScheduler
                0x0000a95c       0x74 ./Generated_Code/tasks.o
                0x0000a95c                vTaskStartScheduler
 .text.vTaskSuspendAll
                0x0000a9d0       0x1c ./Generated_Code/tasks.o
                0x0000a9d0                vTaskSuspendAll
 .text.xTaskResumeAll
                0x0000a9ec      0x11c ./Generated_Code/tasks.o
                0x0000a9ec                xTaskResumeAll
 .text.xTaskIncrementTick
                0x0000ab08      0x180 ./Generated_Code/tasks.o
                0x0000ab08                xTaskIncrementTick
 .text.vTaskSwitchContext
                0x0000ac88       0xc8 ./Generated_Code/tasks.o
                0x0000ac88                vTaskSwitchContext
 .text.vTaskPlaceOnEventList
                0x0000ad50       0x3c ./Generated_Code/tasks.o
                0x0000ad50                vTaskPlaceOnEventList
 .text.xTaskRemoveFromEventList
                0x0000ad8c       0xb8 ./Generated_Code/tasks.o
                0x0000ad8c                xTaskRemoveFromEventList
 .text.vTaskSetTimeOutState
                0x0000ae44       0x3c ./Generated_Code/tasks.o
                0x0000ae44                vTaskSetTimeOutState
 .text.xTaskCheckForTimeOut
                0x0000ae80       0xa8 ./Generated_Code/tasks.o
                0x0000ae80                xTaskCheckForTimeOut
 .text.vTaskMissedYield
                0x0000af28       0x18 ./Generated_Code/tasks.o
                0x0000af28                vTaskMissedYield
 .text.prvIdleTask
                0x0000af40       0x24 ./Generated_Code/tasks.o
 .text.prvInitialiseTaskLists
                0x0000af64       0x74 ./Generated_Code/tasks.o
 .text.prvCheckTasksWaitingTermination
                0x0000afd8        0xc ./Generated_Code/tasks.o
 .text.prvResetNextTaskUnblockTime
                0x0000afe4       0x48 ./Generated_Code/tasks.o
 .text.xTaskGetSchedulerState
                0x0000b02c       0x3c ./Generated_Code/tasks.o
                0x0000b02c                xTaskGetSchedulerState
 .text.vTaskPriorityInherit
                0x0000b068       0xec ./Generated_Code/tasks.o
                0x0000b068                vTaskPriorityInherit
 .text.xTaskPriorityDisinherit
                0x0000b154       0xf4 ./Generated_Code/tasks.o
                0x0000b154                xTaskPriorityDisinherit
 .text.pvTaskIncrementMutexHeldCount
                0x0000b248       0x28 ./Generated_Code/tasks.o
                0x0000b248                pvTaskIncrementMutexHeldCount
 .text.prvAddCurrentTaskToDelayedList
                0x0000b270       0xc8 ./Generated_Code/tasks.o
 .text.__fpclassifyd
                0x0000b338       0x54 c:/freescale/kds_v3/toolchain/bin/../lib/gcc/arm-none-eabi/4.8.4/../../../../arm-none-eabi/lib/armv7e-m/fpu\libm.a(lib_a-s_fpclassify.o)
                0x0000b338                __fpclassifyd
 .text.atof     0x0000b38c        0x8 c:/freescale/kds_v3/toolchain/bin/../lib/gcc/arm-none-eabi/4.8.4/../../../../arm-none-eabi/lib/armv7e-m/fpu\libg.a(lib_a-atof.o)
                0x0000b38c                atof
 .text.exit     0x0000b394       0x20 c:/freescale/kds_v3/toolchain/bin/../lib/gcc/arm-none-eabi/4.8.4/../../../../arm-none-eabi/lib/armv7e-m/fpu\libg.a(lib_a-exit.o)
                0x0000b394                exit
 .text.__sflush_r
                0x0000b3b4      0x154 c:/freescale/kds_v3/toolchain/bin/../lib/gcc/arm-none-eabi/4.8.4/../../../../arm-none-eabi/lib/armv7e-m/fpu\libg.a(lib_a-fflush.o)
                0x0000b3b4                __sflush_r
 .text._fflush_r
                0x0000b508       0x2c c:/freescale/kds_v3/toolchain/bin/../lib/gcc/arm-none-eabi/4.8.4/../../../../arm-none-eabi/lib/armv7e-m/fpu\libg.a(lib_a-fflush.o)
                0x0000b508                _fflush_r
 .text.fflush   0x0000b534       0x24 c:/freescale/kds_v3/toolchain/bin/../lib/gcc/arm-none-eabi/4.8.4/../../../../arm-none-eabi/lib/armv7e-m/fpu\libg.a(lib_a-fflush.o)
                0x0000b534                fflush
 .text._cleanup_r
                0x0000b558        0xc c:/freescale/kds_v3/toolchain/bin/../lib/gcc/arm-none-eabi/4.8.4/../../../../arm-none-eabi/lib/armv7e-m/fpu\libg.a(lib_a-findfp.o)
                0x0000b558                _cleanup_r
 .text.__sinit  0x0000b564       0xf4 c:/freescale/kds_v3/toolchain/bin/../lib/gcc/arm-none-eabi/4.8.4/../../../../arm-none-eabi/lib/armv7e-m/fpu\libg.a(lib_a-findfp.o)
                0x0000b564                __sinit
 .text.__sfp_lock_acquire
                0x0000b658        0x4 c:/freescale/kds_v3/toolchain/bin/../lib/gcc/arm-none-eabi/4.8.4/../../../../arm-none-eabi/lib/armv7e-m/fpu\libg.a(lib_a-findfp.o)
                0x0000b658                __sfp_lock_acquire
 .text.__sfp_lock_release
                0x0000b65c        0x4 c:/freescale/kds_v3/toolchain/bin/../lib/gcc/arm-none-eabi/4.8.4/../../../../arm-none-eabi/lib/armv7e-m/fpu\libg.a(lib_a-findfp.o)
                0x0000b65c                __sfp_lock_release
 .text.fprintf  0x0000b660       0x28 c:/freescale/kds_v3/toolchain/bin/../lib/gcc/arm-none-eabi/4.8.4/../../../../arm-none-eabi/lib/armv7e-m/fpu\libg.a(lib_a-fprintf.o)
                0x0000b660                fprintf
 .text._malloc_trim_r
                0x0000b688       0x9c c:/freescale/kds_v3/toolchain/bin/../lib/gcc/arm-none-eabi/4.8.4/../../../../arm-none-eabi/lib/armv7e-m/fpu\libg.a(lib_a-freer.o)
                0x0000b688                _malloc_trim_r
 .text._free_r  0x0000b724      0x19c c:/freescale/kds_v3/toolchain/bin/../lib/gcc/arm-none-eabi/4.8.4/../../../../arm-none-eabi/lib/armv7e-m/fpu\libg.a(lib_a-freer.o)
                0x0000b724                _free_r
 .text._fwalk   0x0000b8c0       0x4c c:/freescale/kds_v3/toolchain/bin/../lib/gcc/arm-none-eabi/4.8.4/../../../../arm-none-eabi/lib/armv7e-m/fpu\libg.a(lib_a-fwalk.o)
                0x0000b8c0                _fwalk
 .text._fwalk_reent
                0x0000b90c       0x50 c:/freescale/kds_v3/toolchain/bin/../lib/gcc/arm-none-eabi/4.8.4/../../../../arm-none-eabi/lib/armv7e-m/fpu\libg.a(lib_a-fwalk.o)
                0x0000b90c                _fwalk_reent
 .text._fwrite_r
                0x0000b95c       0x64 c:/freescale/kds_v3/toolchain/bin/../lib/gcc/arm-none-eabi/4.8.4/../../../../arm-none-eabi/lib/armv7e-m/fpu\libg.a(lib_a-fwrite.o)
                0x0000b95c                _fwrite_r
 .text.fwrite   0x0000b9c0       0x20 c:/freescale/kds_v3/toolchain/bin/../lib/gcc/arm-none-eabi/4.8.4/../../../../arm-none-eabi/lib/armv7e-m/fpu\libg.a(lib_a-fwrite.o)
                0x0000b9c0                fwrite
 .text.__libc_init_array
                0x0000b9e0       0x50 c:/freescale/kds_v3/toolchain/bin/../lib/gcc/arm-none-eabi/4.8.4/../../../../arm-none-eabi/lib/armv7e-m/fpu\libg.a(lib_a-init.o)
                0x0000b9e0                __libc_init_array
 .text._malloc_r
                0x0000ba30      0x538 c:/freescale/kds_v3/toolchain/bin/../lib/gcc/arm-none-eabi/4.8.4/../../../../arm-none-eabi/lib/armv7e-m/fpu\libg.a(lib_a-mallocr.o)
                0x0000ba30                _malloc_r
 .text.memset   0x0000bf68       0x94 c:/freescale/kds_v3/toolchain/bin/../lib/gcc/arm-none-eabi/4.8.4/../../../../arm-none-eabi/lib/armv7e-m/fpu\libg.a(lib_a-memset.o)
                0x0000bf68                memset
 .text.__malloc_lock
                0x0000bffc        0x4 c:/freescale/kds_v3/toolchain/bin/../lib/gcc/arm-none-eabi/4.8.4/../../../../arm-none-eabi/lib/armv7e-m/fpu\libg.a(lib_a-mlock.o)
                0x0000bffc                __malloc_lock
 .text.__malloc_unlock
                0x0000c000        0x4 c:/freescale/kds_v3/toolchain/bin/../lib/gcc/arm-none-eabi/4.8.4/../../../../arm-none-eabi/lib/armv7e-m/fpu\libg.a(lib_a-mlock.o)
                0x0000c000                __malloc_unlock
 .text.printf   0x0000c004       0x28 c:/freescale/kds_v3/toolchain/bin/../lib/gcc/arm-none-eabi/4.8.4/../../../../arm-none-eabi/lib/armv7e-m/fpu\libg.a(lib_a-printf.o)
                0x0000c004                printf
 .text._puts_r  0x0000c02c       0x5c c:/freescale/kds_v3/toolchain/bin/../lib/gcc/arm-none-eabi/4.8.4/../../../../arm-none-eabi/lib/armv7e-m/fpu\libg.a(lib_a-puts.o)
                0x0000c02c                _puts_r
 .text.puts     0x0000c088       0x10 c:/freescale/kds_v3/toolchain/bin/../lib/gcc/arm-none-eabi/4.8.4/../../../../arm-none-eabi/lib/armv7e-m/fpu\libg.a(lib_a-puts.o)
                0x0000c088                puts
 .text._sbrk_r  0x0000c098       0x24 c:/freescale/kds_v3/toolchain/bin/../lib/gcc/arm-none-eabi/4.8.4/../../../../arm-none-eabi/lib/armv7e-m/fpu\libg.a(lib_a-sbrkr.o)
                0x0000c098                _sbrk_r
 .text.snprintf
                0x0000c0bc       0x68 c:/freescale/kds_v3/toolchain/bin/../lib/gcc/arm-none-eabi/4.8.4/../../../../arm-none-eabi/lib/armv7e-m/fpu\libg.a(lib_a-snprintf.o)
                0x0000c0bc                snprintf
 .text.sscanf   0x0000c124       0x58 c:/freescale/kds_v3/toolchain/bin/../lib/gcc/arm-none-eabi/4.8.4/../../../../arm-none-eabi/lib/armv7e-m/fpu\libg.a(lib_a-sscanf.o)
                0x0000c124                sscanf
 .text.__sread  0x0000c17c       0x24 c:/freescale/kds_v3/toolchain/bin/../lib/gcc/arm-none-eabi/4.8.4/../../../../arm-none-eabi/lib/armv7e-m/fpu\libg.a(lib_a-stdio.o)
                0x0000c17c                __sread
 .text.__seofread
                0x0000c1a0        0x4 c:/freescale/kds_v3/toolchain/bin/../lib/gcc/arm-none-eabi/4.8.4/../../../../arm-none-eabi/lib/armv7e-m/fpu\libg.a(lib_a-stdio.o)
                0x0000c1a0                __seofread
 .text.__swrite
                0x0000c1a4       0x38 c:/freescale/kds_v3/toolchain/bin/../lib/gcc/arm-none-eabi/4.8.4/../../../../arm-none-eabi/lib/armv7e-m/fpu\libg.a(lib_a-stdio.o)
                0x0000c1a4                __swrite
 .text.__sseek  0x0000c1dc       0x20 c:/freescale/kds_v3/toolchain/bin/../lib/gcc/arm-none-eabi/4.8.4/../../../../arm-none-eabi/lib/armv7e-m/fpu\libg.a(lib_a-stdio.o)
                0x0000c1dc                __sseek
 .text.__sclose
                0x0000c1fc        0x8 c:/freescale/kds_v3/toolchain/bin/../lib/gcc/arm-none-eabi/4.8.4/../../../../arm-none-eabi/lib/armv7e-m/fpu\libg.a(lib_a-stdio.o)
                0x0000c1fc                __sclose
 .text.strlen   0x0000c204       0x60 c:/freescale/kds_v3/toolchain/bin/../lib/gcc/arm-none-eabi/4.8.4/../../../../arm-none-eabi/lib/armv7e-m/fpu\libg.a(lib_a-strlen.o)
                0x0000c204                strlen
 .text.strncmp  0x0000c264       0xb4 c:/freescale/kds_v3/toolchain/bin/../lib/gcc/arm-none-eabi/4.8.4/../../../../arm-none-eabi/lib/armv7e-m/fpu\libg.a(lib_a-strncmp.o)
                0x0000c264                strncmp
 .text.strncpy  0x0000c318       0x64 c:/freescale/kds_v3/toolchain/bin/../lib/gcc/arm-none-eabi/4.8.4/../../../../arm-none-eabi/lib/armv7e-m/fpu\libg.a(lib_a-strncpy.o)
                0x0000c318                strncpy
 .text.strnlen  0x0000c37c       0x30 c:/freescale/kds_v3/toolchain/bin/../lib/gcc/arm-none-eabi/4.8.4/../../../../arm-none-eabi/lib/armv7e-m/fpu\libg.a(lib_a-strnlen.o)
                0x0000c37c                strnlen
 .text.sulp     0x0000c3ac       0x3c c:/freescale/kds_v3/toolchain/bin/../lib/gcc/arm-none-eabi/4.8.4/../../../../arm-none-eabi/lib/armv7e-m/fpu\libg.a(lib_a-strtod.o)
 .text._strtod_r
                0x0000c3e8      0xf70 c:/freescale/kds_v3/toolchain/bin/../lib/gcc/arm-none-eabi/4.8.4/../../../../arm-none-eabi/lib/armv7e-m/fpu\libg.a(lib_a-strtod.o)
                0x0000c3e8                _strtod_r
 .text.strtod   0x0000d358       0x10 c:/freescale/kds_v3/toolchain/bin/../lib/gcc/arm-none-eabi/4.8.4/../../../../arm-none-eabi/lib/armv7e-m/fpu\libg.a(lib_a-strtod.o)
                0x0000d358                strtod
 .text.strtok   0x0000d368       0x10 c:/freescale/kds_v3/toolchain/bin/../lib/gcc/arm-none-eabi/4.8.4/../../../../arm-none-eabi/lib/armv7e-m/fpu\libg.a(lib_a-strtok.o)
                0x0000d368                strtok
 .text.__strtok_r
                0x0000d378       0x64 c:/freescale/kds_v3/toolchain/bin/../lib/gcc/arm-none-eabi/4.8.4/../../../../arm-none-eabi/lib/armv7e-m/fpu\libg.a(lib_a-strtok_r.o)
                0x0000d378                __strtok_r
 *fill*         0x0000d3dc        0x4 
 .text._svfprintf_r
                0x0000d3e0     0x14f0 c:/freescale/kds_v3/toolchain/bin/../lib/gcc/arm-none-eabi/4.8.4/../../../../arm-none-eabi/lib/armv7e-m/fpu\libg.a(lib_a-svfprintf.o)
                0x0000d3e0                _svfprintf_r
 .text.__ssvfscanf_r
                0x0000e8d0      0xe90 c:/freescale/kds_v3/toolchain/bin/../lib/gcc/arm-none-eabi/4.8.4/../../../../arm-none-eabi/lib/armv7e-m/fpu\libg.a(lib_a-svfscanf.o)
                0x0000e8d0                __ssvfscanf_r
 .text._vfprintf_r
                0x0000f760     0x1540 c:/freescale/kds_v3/toolchain/bin/../lib/gcc/arm-none-eabi/4.8.4/../../../../arm-none-eabi/lib/armv7e-m/fpu\libg.a(lib_a-vfprintf.o)
                0x0000f760                _vfprintf_r
 .text.__sbprintf
                0x00010ca0       0x78 c:/freescale/kds_v3/toolchain/bin/../lib/gcc/arm-none-eabi/4.8.4/../../../../arm-none-eabi/lib/armv7e-m/fpu\libg.a(lib_a-vfprintf.o)
 .text._write_r
                0x00010d18       0x28 c:/freescale/kds_v3/toolchain/bin/../lib/gcc/arm-none-eabi/4.8.4/../../../../arm-none-eabi/lib/armv7e-m/fpu\libg.a(lib_a-writer.o)
                0x00010d18                _write_r
 .text.__swsetup_r
                0x00010d40       0xc4 c:/freescale/kds_v3/toolchain/bin/../lib/gcc/arm-none-eabi/4.8.4/../../../../arm-none-eabi/lib/armv7e-m/fpu\libg.a(lib_a-wsetup.o)
                0x00010d40                __swsetup_r
 .text.startup.register_fini
                0x00010e04       0x14 c:/freescale/kds_v3/toolchain/bin/../lib/gcc/arm-none-eabi/4.8.4/../../../../arm-none-eabi/lib/armv7e-m/fpu\libg.a(lib_a-__call_atexit.o)
 .text.__call_exitprocs
                0x00010e18       0xf0 c:/freescale/kds_v3/toolchain/bin/../lib/gcc/arm-none-eabi/4.8.4/../../../../arm-none-eabi/lib/armv7e-m/fpu\libg.a(lib_a-__call_atexit.o)
                0x00010e18                __call_exitprocs
 .text.atexit   0x00010f08        0xc c:/freescale/kds_v3/toolchain/bin/../lib/gcc/arm-none-eabi/4.8.4/../../../../arm-none-eabi/lib/armv7e-m/fpu\libg.a(lib_a-atexit.o)
                0x00010f08                atexit
 .text._close_r
                0x00010f14       0x24 c:/freescale/kds_v3/toolchain/bin/../lib/gcc/arm-none-eabi/4.8.4/../../../../arm-none-eabi/lib/armv7e-m/fpu\libg.a(lib_a-closer.o)
                0x00010f14                _close_r
 .text.quorem   0x00010f38      0x130 c:/freescale/kds_v3/toolchain/bin/../lib/gcc/arm-none-eabi/4.8.4/../../../../arm-none-eabi/lib/armv7e-m/fpu\libg.a(lib_a-dtoa.o)
 .text._dtoa_r  0x00011068      0xe58 c:/freescale/kds_v3/toolchain/bin/../lib/gcc/arm-none-eabi/4.8.4/../../../../arm-none-eabi/lib/armv7e-m/fpu\libg.a(lib_a-dtoa.o)
                0x00011068                _dtoa_r
 .text._fclose_r
                0x00011ec0       0x80 c:/freescale/kds_v3/toolchain/bin/../lib/gcc/arm-none-eabi/4.8.4/../../../../arm-none-eabi/lib/armv7e-m/fpu\libg.a(lib_a-fclose.o)
                0x00011ec0                _fclose_r
 .text.fclose   0x00011f40       0x10 c:/freescale/kds_v3/toolchain/bin/../lib/gcc/arm-none-eabi/4.8.4/../../../../arm-none-eabi/lib/armv7e-m/fpu\libg.a(lib_a-fclose.o)
                0x00011f40                fclose
 .text.__libc_fini_array
                0x00011f50       0x30 c:/freescale/kds_v3/toolchain/bin/../lib/gcc/arm-none-eabi/4.8.4/../../../../arm-none-eabi/lib/armv7e-m/fpu\libg.a(lib_a-fini.o)
                0x00011f50                __libc_fini_array
 .text.__sfvwrite_r
                0x00011f80      0x318 c:/freescale/kds_v3/toolchain/bin/../lib/gcc/arm-none-eabi/4.8.4/../../../../arm-none-eabi/lib/armv7e-m/fpu\libg.a(lib_a-fvwrite.o)
                0x00011f80                __sfvwrite_r
 .text.rshift   0x00012298       0xa0 c:/freescale/kds_v3/toolchain/bin/../lib/gcc/arm-none-eabi/4.8.4/../../../../arm-none-eabi/lib/armv7e-m/fpu\libg.a(lib_a-gdtoa-gethex.o)
 .text.__gethex
                0x00012338      0x530 c:/freescale/kds_v3/toolchain/bin/../lib/gcc/arm-none-eabi/4.8.4/../../../../arm-none-eabi/lib/armv7e-m/fpu\libg.a(lib_a-gdtoa-gethex.o)
                0x00012338                __gethex
 .text.__hexnan
                0x00012868      0x194 c:/freescale/kds_v3/toolchain/bin/../lib/gcc/arm-none-eabi/4.8.4/../../../../arm-none-eabi/lib/armv7e-m/fpu\libg.a(lib_a-gdtoa-hexnan.o)
                0x00012868                __hexnan
 .text.iswspace
                0x000129fc       0x1c c:/freescale/kds_v3/toolchain/bin/../lib/gcc/arm-none-eabi/4.8.4/../../../../arm-none-eabi/lib/armv7e-m/fpu\libg.a(lib_a-iswspace.o)
                0x000129fc                iswspace
 .text.__locale_charset
                0x00012a18        0x8 c:/freescale/kds_v3/toolchain/bin/../lib/gcc/arm-none-eabi/4.8.4/../../../../arm-none-eabi/lib/armv7e-m/fpu\libg.a(lib_a-locale.o)
                0x00012a18                __locale_charset
 .text.__locale_mb_cur_max
                0x00012a20        0xc c:/freescale/kds_v3/toolchain/bin/../lib/gcc/arm-none-eabi/4.8.4/../../../../arm-none-eabi/lib/armv7e-m/fpu\libg.a(lib_a-locale.o)
                0x00012a20                __locale_mb_cur_max
 .text._localeconv_r
                0x00012a2c        0x8 c:/freescale/kds_v3/toolchain/bin/../lib/gcc/arm-none-eabi/4.8.4/../../../../arm-none-eabi/lib/armv7e-m/fpu\libg.a(lib_a-locale.o)
                0x00012a2c                _localeconv_r
 .text._lseek_r
                0x00012a34       0x28 c:/freescale/kds_v3/toolchain/bin/../lib/gcc/arm-none-eabi/4.8.4/../../../../arm-none-eabi/lib/armv7e-m/fpu\libg.a(lib_a-lseekr.o)
                0x00012a34                _lseek_r
 .text.__smakebuf_r
                0x00012a5c       0xe0 c:/freescale/kds_v3/toolchain/bin/../lib/gcc/arm-none-eabi/4.8.4/../../../../arm-none-eabi/lib/armv7e-m/fpu\libg.a(lib_a-makebuf.o)
                0x00012a5c                __smakebuf_r
 .text._mbrtowc_r
                0x00012b3c       0x5c c:/freescale/kds_v3/toolchain/bin/../lib/gcc/arm-none-eabi/4.8.4/../../../../arm-none-eabi/lib/armv7e-m/fpu\libg.a(lib_a-mbrtowc.o)
                0x00012b3c                _mbrtowc_r
 .text.__ascii_mbtowc
                0x00012b98       0x2c c:/freescale/kds_v3/toolchain/bin/../lib/gcc/arm-none-eabi/4.8.4/../../../../arm-none-eabi/lib/armv7e-m/fpu\libg.a(lib_a-mbtowc_r.o)
                0x00012b98                __ascii_mbtowc
 .text.memchr   0x00012bc4       0x90 c:/freescale/kds_v3/toolchain/bin/../lib/gcc/arm-none-eabi/4.8.4/../../../../arm-none-eabi/lib/armv7e-m/fpu\libg.a(lib_a-memchr-stub.o)
                0x00012bc4                memchr
 .text.memmove  0x00012c54       0xc0 c:/freescale/kds_v3/toolchain/bin/../lib/gcc/arm-none-eabi/4.8.4/../../../../arm-none-eabi/lib/armv7e-m/fpu\libg.a(lib_a-memmove.o)
                0x00012c54                memmove
 .text._Balloc  0x00012d14       0x4c c:/freescale/kds_v3/toolchain/bin/../lib/gcc/arm-none-eabi/4.8.4/../../../../arm-none-eabi/lib/armv7e-m/fpu\libg.a(lib_a-mprec.o)
                0x00012d14                _Balloc
 .text._Bfree   0x00012d60       0x14 c:/freescale/kds_v3/toolchain/bin/../lib/gcc/arm-none-eabi/4.8.4/../../../../arm-none-eabi/lib/armv7e-m/fpu\libg.a(lib_a-mprec.o)
                0x00012d60                _Bfree
 .text.__multadd
                0x00012d74       0x98 c:/freescale/kds_v3/toolchain/bin/../lib/gcc/arm-none-eabi/4.8.4/../../../../arm-none-eabi/lib/armv7e-m/fpu\libg.a(lib_a-mprec.o)
                0x00012d74                __multadd
 .text.__s2b    0x00012e0c       0x98 c:/freescale/kds_v3/toolchain/bin/../lib/gcc/arm-none-eabi/4.8.4/../../../../arm-none-eabi/lib/armv7e-m/fpu\libg.a(lib_a-mprec.o)
                0x00012e0c                __s2b
 .text.__hi0bits
                0x00012ea4       0x40 c:/freescale/kds_v3/toolchain/bin/../lib/gcc/arm-none-eabi/4.8.4/../../../../arm-none-eabi/lib/armv7e-m/fpu\libg.a(lib_a-mprec.o)
                0x00012ea4                __hi0bits
 .text.__lo0bits
                0x00012ee4       0x5c c:/freescale/kds_v3/toolchain/bin/../lib/gcc/arm-none-eabi/4.8.4/../../../../arm-none-eabi/lib/armv7e-m/fpu\libg.a(lib_a-mprec.o)
                0x00012ee4                __lo0bits
 .text.__i2b    0x00012f40       0x14 c:/freescale/kds_v3/toolchain/bin/../lib/gcc/arm-none-eabi/4.8.4/../../../../arm-none-eabi/lib/armv7e-m/fpu\libg.a(lib_a-mprec.o)
                0x00012f40                __i2b
 .text.__multiply
                0x00012f54      0x13c c:/freescale/kds_v3/toolchain/bin/../lib/gcc/arm-none-eabi/4.8.4/../../../../arm-none-eabi/lib/armv7e-m/fpu\libg.a(lib_a-mprec.o)
                0x00012f54                __multiply
 .text.__pow5mult
                0x00013090       0x9c c:/freescale/kds_v3/toolchain/bin/../lib/gcc/arm-none-eabi/4.8.4/../../../../arm-none-eabi/lib/armv7e-m/fpu\libg.a(lib_a-mprec.o)
                0x00013090                __pow5mult
 .text.__lshift
                0x0001312c       0xbc c:/freescale/kds_v3/toolchain/bin/../lib/gcc/arm-none-eabi/4.8.4/../../../../arm-none-eabi/lib/armv7e-m/fpu\libg.a(lib_a-mprec.o)
                0x0001312c                __lshift
 .text.__mcmp   0x000131e8       0x48 c:/freescale/kds_v3/toolchain/bin/../lib/gcc/arm-none-eabi/4.8.4/../../../../arm-none-eabi/lib/armv7e-m/fpu\libg.a(lib_a-mprec.o)
                0x000131e8                __mcmp
 .text.__mdiff  0x00013230       0xd4 c:/freescale/kds_v3/toolchain/bin/../lib/gcc/arm-none-eabi/4.8.4/../../../../arm-none-eabi/lib/armv7e-m/fpu\libg.a(lib_a-mprec.o)
                0x00013230                __mdiff
 .text.__ulp    0x00013304       0x50 c:/freescale/kds_v3/toolchain/bin/../lib/gcc/arm-none-eabi/4.8.4/../../../../arm-none-eabi/lib/armv7e-m/fpu\libg.a(lib_a-mprec.o)
                0x00013304                __ulp
 .text.__b2d    0x00013354       0xb0 c:/freescale/kds_v3/toolchain/bin/../lib/gcc/arm-none-eabi/4.8.4/../../../../arm-none-eabi/lib/armv7e-m/fpu\libg.a(lib_a-mprec.o)
                0x00013354                __b2d
 .text.__d2b    0x00013404       0xb4 c:/freescale/kds_v3/toolchain/bin/../lib/gcc/arm-none-eabi/4.8.4/../../../../arm-none-eabi/lib/armv7e-m/fpu\libg.a(lib_a-mprec.o)
                0x00013404                __d2b
 .text.__ratio  0x000134b8       0x54 c:/freescale/kds_v3/toolchain/bin/../lib/gcc/arm-none-eabi/4.8.4/../../../../arm-none-eabi/lib/armv7e-m/fpu\libg.a(lib_a-mprec.o)
                0x000134b8                __ratio
 .text.__copybits
                0x0001350c       0x48 c:/freescale/kds_v3/toolchain/bin/../lib/gcc/arm-none-eabi/4.8.4/../../../../arm-none-eabi/lib/armv7e-m/fpu\libg.a(lib_a-mprec.o)
                0x0001350c                __copybits
 .text.__any_on
                0x00013554       0x60 c:/freescale/kds_v3/toolchain/bin/../lib/gcc/arm-none-eabi/4.8.4/../../../../arm-none-eabi/lib/armv7e-m/fpu\libg.a(lib_a-mprec.o)
                0x00013554                __any_on
 .text._read_r  0x000135b4       0x28 c:/freescale/kds_v3/toolchain/bin/../lib/gcc/arm-none-eabi/4.8.4/../../../../arm-none-eabi/lib/armv7e-m/fpu\libg.a(lib_a-readr.o)
                0x000135b4                _read_r
 .text._realloc_r
                0x000135dc      0x3cc c:/freescale/kds_v3/toolchain/bin/../lib/gcc/arm-none-eabi/4.8.4/../../../../arm-none-eabi/lib/armv7e-m/fpu\libg.a(lib_a-reallocr.o)
                0x000135dc                _realloc_r
 .text.__sccl   0x000139a8       0x70 c:/freescale/kds_v3/toolchain/bin/../lib/gcc/arm-none-eabi/4.8.4/../../../../arm-none-eabi/lib/armv7e-m/fpu\libg.a(lib_a-sccl.o)
                0x000139a8                __sccl
 .text.nanf     0x00013a18        0xc c:/freescale/kds_v3/toolchain/bin/../lib/gcc/arm-none-eabi/4.8.4/../../../../arm-none-eabi/lib/armv7e-m/fpu\libg.a(lib_a-sf_nan.o)
                0x00013a18                nanf
 .text.sprintf  0x00013a24       0x4c c:/freescale/kds_v3/toolchain/bin/../lib/gcc/arm-none-eabi/4.8.4/../../../../arm-none-eabi/lib/armv7e-m/fpu\libg.a(lib_a-sprintf.o)
                0x00013a24                sprintf
 .text._strtol_r
                0x00013a70      0x114 c:/freescale/kds_v3/toolchain/bin/../lib/gcc/arm-none-eabi/4.8.4/../../../../arm-none-eabi/lib/armv7e-m/fpu\libg.a(lib_a-strtol.o)
                0x00013a70                _strtol_r
 .text._strtoll_r
                0x00013b84      0x19c c:/freescale/kds_v3/toolchain/bin/../lib/gcc/arm-none-eabi/4.8.4/../../../../arm-none-eabi/lib/armv7e-m/fpu\libg.a(lib_a-strtoll_r.o)
                0x00013b84                _strtoll_r
 .text._strtoul_r
                0x00013d20      0x120 c:/freescale/kds_v3/toolchain/bin/../lib/gcc/arm-none-eabi/4.8.4/../../../../arm-none-eabi/lib/armv7e-m/fpu\libg.a(lib_a-strtoul.o)
                0x00013d20                _strtoul_r
 .text._strtoull_r
                0x00013e40      0x190 c:/freescale/kds_v3/toolchain/bin/../lib/gcc/arm-none-eabi/4.8.4/../../../../arm-none-eabi/lib/armv7e-m/fpu\libg.a(lib_a-strtoull_r.o)
                0x00013e40                _strtoull_r
 .text.__ssprint_r
                0x00013fd0      0x100 c:/freescale/kds_v3/toolchain/bin/../lib/gcc/arm-none-eabi/4.8.4/../../../../arm-none-eabi/lib/armv7e-m/fpu\libg.a(lib_a-svfiprintf.o)
                0x00013fd0                __ssprint_r
 .text._sungetc_r
                0x000140d0       0x80 c:/freescale/kds_v3/toolchain/bin/../lib/gcc/arm-none-eabi/4.8.4/../../../../arm-none-eabi/lib/armv7e-m/fpu\libg.a(lib_a-svfiscanf.o)
                0x000140d0                _sungetc_r
 .text.__ssrefill_r
                0x00014150       0x3c c:/freescale/kds_v3/toolchain/bin/../lib/gcc/arm-none-eabi/4.8.4/../../../../arm-none-eabi/lib/armv7e-m/fpu\libg.a(lib_a-svfiscanf.o)
                0x00014150                __ssrefill_r
 .text._sfread_r
                0x0001418c       0x80 c:/freescale/kds_v3/toolchain/bin/../lib/gcc/arm-none-eabi/4.8.4/../../../../arm-none-eabi/lib/armv7e-m/fpu\libg.a(lib_a-svfiscanf.o)
                0x0001418c                _sfread_r
 .text.__submore
                0x0001420c       0x78 c:/freescale/kds_v3/toolchain/bin/../lib/gcc/arm-none-eabi/4.8.4/../../../../arm-none-eabi/lib/armv7e-m/fpu\libg.a(lib_a-ungetc.o)
                0x0001420c                __submore
 .text.__sprint_r.part.0
                0x00014284       0x78 c:/freescale/kds_v3/toolchain/bin/../lib/gcc/arm-none-eabi/4.8.4/../../../../arm-none-eabi/lib/armv7e-m/fpu\libg.a(lib_a-vfiprintf.o)
 .text.__sprint_r
                0x000142fc       0x18 c:/freescale/kds_v3/toolchain/bin/../lib/gcc/arm-none-eabi/4.8.4/../../../../arm-none-eabi/lib/armv7e-m/fpu\libg.a(lib_a-vfiprintf.o)
                0x000142fc                __sprint_r
 .text.__register_exitproc
                0x00014314       0xa8 c:/freescale/kds_v3/toolchain/bin/../lib/gcc/arm-none-eabi/4.8.4/../../../../arm-none-eabi/lib/armv7e-m/fpu\libg.a(lib_a-__atexit.o)
                0x00014314                __register_exitproc
 .text._calloc_r
                0x000143bc       0x60 c:/freescale/kds_v3/toolchain/bin/../lib/gcc/arm-none-eabi/4.8.4/../../../../arm-none-eabi/lib/armv7e-m/fpu\libg.a(lib_a-callocr.o)
                0x000143bc                _calloc_r
 .text._fputwc_r
                0x0001441c       0xbc c:/freescale/kds_v3/toolchain/bin/../lib/gcc/arm-none-eabi/4.8.4/../../../../arm-none-eabi/lib/armv7e-m/fpu\libg.a(lib_a-fputwc.o)
                0x0001441c                _fputwc_r
 .text._fstat_r
                0x000144d8       0x28 c:/freescale/kds_v3/toolchain/bin/../lib/gcc/arm-none-eabi/4.8.4/../../../../arm-none-eabi/lib/armv7e-m/fpu\libg.a(lib_a-fstatr.o)
                0x000144d8                _fstat_r
 .text._isatty_r
                0x00014500       0x24 c:/freescale/kds_v3/toolchain/bin/../lib/gcc/arm-none-eabi/4.8.4/../../../../arm-none-eabi/lib/armv7e-m/fpu\libg.a(lib_a-isattyr.o)
                0x00014500                _isatty_r
 .text.__swbuf_r
                0x00014524       0xa8 c:/freescale/kds_v3/toolchain/bin/../lib/gcc/arm-none-eabi/4.8.4/../../../../arm-none-eabi/lib/armv7e-m/fpu\libg.a(lib_a-wbuf.o)
                0x00014524                __swbuf_r
 .text._wcrtomb_r
                0x000145cc       0x50 c:/freescale/kds_v3/toolchain/bin/../lib/gcc/arm-none-eabi/4.8.4/../../../../arm-none-eabi/lib/armv7e-m/fpu\libg.a(lib_a-wcrtomb.o)
                0x000145cc                _wcrtomb_r
 .text.__ascii_wctomb
                0x0001461c       0x1c c:/freescale/kds_v3/toolchain/bin/../lib/gcc/arm-none-eabi/4.8.4/../../../../arm-none-eabi/lib/armv7e-m/fpu\libg.a(lib_a-wctomb_r.o)
                0x0001461c                __ascii_wctomb
 .text.findslot
                0x00014638       0x38 c:/freescale/kds_v3/toolchain/bin/../lib/gcc/arm-none-eabi/4.8.4/../../../../arm-none-eabi/lib/armv7e-m/fpu\librdimon.a(rdimon-syscalls.o)
 .text.checkerror.part.0
                0x00014670       0x1c c:/freescale/kds_v3/toolchain/bin/../lib/gcc/arm-none-eabi/4.8.4/../../../../arm-none-eabi/lib/armv7e-m/fpu\librdimon.a(rdimon-syscalls.o)
 .text.initialise_monitor_handles
                0x0001468c       0xa4 c:/freescale/kds_v3/toolchain/bin/../lib/gcc/arm-none-eabi/4.8.4/../../../../arm-none-eabi/lib/armv7e-m/fpu\librdimon.a(rdimon-syscalls.o)
                0x0001468c                initialise_monitor_handles
 .text._swiread
                0x00014730       0x28 c:/freescale/kds_v3/toolchain/bin/../lib/gcc/arm-none-eabi/4.8.4/../../../../arm-none-eabi/lib/armv7e-m/fpu\librdimon.a(rdimon-syscalls.o)
                0x00014730                _swiread
 .text._read    0x00014758       0x34 c:/freescale/kds_v3/toolchain/bin/../lib/gcc/arm-none-eabi/4.8.4/../../../../arm-none-eabi/lib/armv7e-m/fpu\librdimon.a(rdimon-syscalls.o)
                0x00014758                _read
 .text._swilseek
                0x0001478c       0x94 c:/freescale/kds_v3/toolchain/bin/../lib/gcc/arm-none-eabi/4.8.4/../../../../arm-none-eabi/lib/armv7e-m/fpu\librdimon.a(rdimon-syscalls.o)
                0x0001478c                _swilseek
 .text._lseek   0x00014820        0x4 c:/freescale/kds_v3/toolchain/bin/../lib/gcc/arm-none-eabi/4.8.4/../../../../arm-none-eabi/lib/armv7e-m/fpu\librdimon.a(rdimon-syscalls.o)
                0x00014820                _lseek
 .text._swiwrite
                0x00014824       0x28 c:/freescale/kds_v3/toolchain/bin/../lib/gcc/arm-none-eabi/4.8.4/../../../../arm-none-eabi/lib/armv7e-m/fpu\librdimon.a(rdimon-syscalls.o)
                0x00014824                _swiwrite
 .text._write   0x0001484c       0x58 c:/freescale/kds_v3/toolchain/bin/../lib/gcc/arm-none-eabi/4.8.4/../../../../arm-none-eabi/lib/armv7e-m/fpu\librdimon.a(rdimon-syscalls.o)
                0x0001484c                _write
 .text._close   0x000148a4       0x68 c:/freescale/kds_v3/toolchain/bin/../lib/gcc/arm-none-eabi/4.8.4/../../../../arm-none-eabi/lib/armv7e-m/fpu\librdimon.a(rdimon-syscalls.o)
                0x000148a4                _close
 .text._sbrk    0x0001490c       0x34 c:/freescale/kds_v3/toolchain/bin/../lib/gcc/arm-none-eabi/4.8.4/../../../../arm-none-eabi/lib/armv7e-m/fpu\librdimon.a(rdimon-syscalls.o)
                0x0001490c                _sbrk
 .text._swistat
                0x00014940       0x48 c:/freescale/kds_v3/toolchain/bin/../lib/gcc/arm-none-eabi/4.8.4/../../../../arm-none-eabi/lib/armv7e-m/fpu\librdimon.a(rdimon-syscalls.o)
                0x00014940                _swistat
 .text._fstat   0x00014988       0x1c c:/freescale/kds_v3/toolchain/bin/../lib/gcc/arm-none-eabi/4.8.4/../../../../arm-none-eabi/lib/armv7e-m/fpu\librdimon.a(rdimon-syscalls.o)
                0x00014988                _fstat
 .text._isatty  0x000149a4       0x3c c:/freescale/kds_v3/toolchain/bin/../lib/gcc/arm-none-eabi/4.8.4/../../../../arm-none-eabi/lib/armv7e-m/fpu\librdimon.a(rdimon-syscalls.o)
                0x000149a4                _isatty
 .text._exit    0x000149e0        0x8 c:/freescale/kds_v3/toolchain/bin/../lib/gcc/arm-none-eabi/4.8.4/../../../../arm-none-eabi/lib/armv7e-m/fpu\librdimon.a(rdimon-_exit.o)
                0x000149e0                _exit
 .text._kill    0x000149e8       0x20 c:/freescale/kds_v3/toolchain/bin/../lib/gcc/arm-none-eabi/4.8.4/../../../../arm-none-eabi/lib/armv7e-m/fpu\librdimon.a(rdimon-_kill.o)
                0x000149e8                _kill
 .text.__errno  0x00014a08        0xc c:/freescale/kds_v3/toolchain/bin/../lib/gcc/arm-none-eabi/4.8.4/../../../../arm-none-eabi/lib/armv7e-m/fpu\libc.a(lib_a-errno.o)
                0x00014a08                __errno
 *(.rodata)
 .rodata        0x00014a14      0x384 ./Sources/main.o
 .rodata        0x00014d98       0x44 ./Generated_Code/ff.o
 .rodata        0x00014ddc        0x8 ./Generated_Code/tasks.o
 *(.rodata*)
 .rodata.ClockGenModeMatrix
                0x00014de4       0x80 ./Static_Code/System/CPU_Init.o
 .rodata.CPU_ClockConfigDescriptors
                0x00014e64       0x1c ./Static_Code/System/CPU_Init.o
 .rodata.CPU_DefaultFEI
                0x00014e80        0x8 ./Static_Code/System/CPU_Init.o
 .rodata.CPU_DefaultFBI
                0x00014e88        0x8 ./Static_Code/System/CPU_Init.o
 .rodata.CPU_DefaultBLPI
                0x00014e90        0x8 ./Static_Code/System/CPU_Init.o
 .rodata.CPU_DefaultFEE
                0x00014e98        0x8 ./Static_Code/System/CPU_Init.o
 .rodata.CPU_DefaultFBE
                0x00014ea0        0x8 ./Static_Code/System/CPU_Init.o
 .rodata.CPU_DefaultBLPE
                0x00014ea8        0x8 ./Static_Code/System/CPU_Init.o
 .rodata.CPU_DefaultPBE
                0x00014eb0        0x8 ./Static_Code/System/CPU_Init.o
 .rodata.CPU_DefaultPEE
                0x00014eb8        0x8 ./Static_Code/System/CPU_Init.o
 .rodata.CPU_ClockGenModeRegs
                0x00014ec0       0x20 ./Static_Code/System/CPU_Init.o
 .rodata.freeRTOSMemoryScheme
                0x00014ee0        0x1 ./Generated_Code/FRTOS1.o
                0x00014ee0                freeRTOSMemoryScheme
 .rodata.addr.6499
                0x00014ee1        0x1 ./Generated_Code/FX1.o
 .rodata.addr.6507
                0x00014ee2        0x1 ./Generated_Code/FX1.o
 .rodata.addr.6515
                0x00014ee3        0x1 ./Generated_Code/FX1.o
 .rodata.ConfigurationSet
                0x00014ee4        0x8 ./Generated_Code/SM1.o
 .rodata.TxCommandList
                0x00014eec        0x8 ./Generated_Code/SM1.o
 .rodata.TmDt1_DefaultTime
                0x00014ef4        0x4 ./Generated_Code/TmDt1.o
 .rodata.TmDt1_DefaultDate
                0x00014ef8        0x4 ./Generated_Code/TmDt1.o
 .rodata.ULY    0x00014efc        0xc ./Generated_Code/TmDt1.o
 .rodata.LY     0x00014f08        0xc ./Generated_Code/TmDt1.o
 .rodata.ExCvt  0x00014f14       0x80 ./Generated_Code/ff.o
 .rodata.str1.4
                0x00014f94        0x2 c:/freescale/kds_v3/toolchain/bin/../lib/gcc/arm-none-eabi/4.8.4/../../../../arm-none-eabi/lib/armv7e-m/fpu\libg.a(lib_a-impure.o)
                                  0x4 (size before relaxing)
 *fill*         0x00014f96        0x2 
 .rodata._global_impure_ptr
                0x00014f98        0x4 c:/freescale/kds_v3/toolchain/bin/../lib/gcc/arm-none-eabi/4.8.4/../../../../arm-none-eabi/lib/armv7e-m/fpu\libg.a(lib_a-impure.o)
                0x00014f98                _global_impure_ptr
 .rodata.str1.4
                0x00014f9c        0x2 c:/freescale/kds_v3/toolchain/bin/../lib/gcc/arm-none-eabi/4.8.4/../../../../arm-none-eabi/lib/armv7e-m/fpu\libg.a(lib_a-puts.o)
                                  0x4 (size before relaxing)
 *fill*         0x00014f9e        0x2 
 .rodata.fpi.5238
                0x00014fa0       0x14 c:/freescale/kds_v3/toolchain/bin/../lib/gcc/arm-none-eabi/4.8.4/../../../../arm-none-eabi/lib/armv7e-m/fpu\libg.a(lib_a-strtod.o)
 .rodata.str1.4
                0x00014fb4        0xf c:/freescale/kds_v3/toolchain/bin/../lib/gcc/arm-none-eabi/4.8.4/../../../../arm-none-eabi/lib/armv7e-m/fpu\libg.a(lib_a-strtod.o)
                                 0x10 (size before relaxing)
 *fill*         0x00014fc3        0x1 
 .rodata.fpinan.5274
                0x00014fc4       0x14 c:/freescale/kds_v3/toolchain/bin/../lib/gcc/arm-none-eabi/4.8.4/../../../../arm-none-eabi/lib/armv7e-m/fpu\libg.a(lib_a-strtod.o)
 .rodata.tinytens
                0x00014fd8       0x28 c:/freescale/kds_v3/toolchain/bin/../lib/gcc/arm-none-eabi/4.8.4/../../../../arm-none-eabi/lib/armv7e-m/fpu\libg.a(lib_a-strtod.o)
 .rodata.zeroes.6763
                0x00015000       0x10 c:/freescale/kds_v3/toolchain/bin/../lib/gcc/arm-none-eabi/4.8.4/../../../../arm-none-eabi/lib/armv7e-m/fpu\libg.a(lib_a-svfprintf.o)
 .rodata.str1.4